Archive member included because of file (symbol)

C:/Users/Emanuele/Documents/sloeber-workspace/ByPass/Release/arduino.ar(variant.cpp.o)
                              .\sloeber.ino.cpp.o (Serial5)
C:/Users/Emanuele/Documents/sloeber-workspace/ByPass/Release/arduino.ar(CDC.cpp.o)
                              .\sloeber.ino.cpp.o (Serial_::available())
C:/Users/Emanuele/Documents/sloeber-workspace/ByPass/Release/arduino.ar(USBCore.cpp.o)
                              C:/Users/Emanuele/Documents/sloeber-workspace/ByPass/Release/arduino.ar(CDC.cpp.o) (USBDeviceClass::available(unsigned long))
C:/Users/Emanuele/Documents/sloeber-workspace/ByPass/Release/arduino.ar(Print.cpp.o)
                              .\sloeber.ino.cpp.o (Print::print(char))
C:/Users/Emanuele/Documents/sloeber-workspace/ByPass/Release/arduino.ar(Reset.cpp.o)
                              C:/Users/Emanuele/Documents/sloeber-workspace/ByPass/Release/arduino.ar(CDC.cpp.o) (initiateReset)
C:/Users/Emanuele/Documents/sloeber-workspace/ByPass/Release/arduino.ar(SERCOM.cpp.o)
                              C:/Users/Emanuele/Documents/sloeber-workspace/ByPass/Release/arduino.ar(variant.cpp.o) (SERCOM::SERCOM(Sercom*))
C:/Users/Emanuele/Documents/sloeber-workspace/ByPass/Release/arduino.ar(Uart.cpp.o)
                              .\sloeber.ino.cpp.o (Uart::begin(unsigned long))
C:/Users/Emanuele/Documents/sloeber-workspace/ByPass/Release/arduino.ar(abi.cpp.o)
                              C:/Users/Emanuele/Documents/sloeber-workspace/ByPass/Release/arduino.ar(USBCore.cpp.o) (__cxa_pure_virtual)
C:/Users/Emanuele/Documents/sloeber-workspace/ByPass/Release/arduino.ar(cortex_handlers.c.o)
                              (Reset_Handler)
C:/Users/Emanuele/Documents/sloeber-workspace/ByPass/Release/arduino.ar(delay.c.o)
                              C:/Users/Emanuele/Documents/sloeber-workspace/ByPass/Release/arduino.ar(CDC.cpp.o) (millis)
C:/Users/Emanuele/Documents/sloeber-workspace/ByPass/Release/arduino.ar(hooks.c.o)
                              C:/Users/Emanuele/Documents/sloeber-workspace/ByPass/Release/arduino.ar(delay.c.o) (yield)
C:/Users/Emanuele/Documents/sloeber-workspace/ByPass/Release/arduino.ar(main.cpp.o)
                              c:/program files/sloeber/arduinoplugin/packages/arduino/tools/arm-none-eabi-gcc/4.8.3-2014q1/bin/../lib/gcc/arm-none-eabi/4.8.3/../../../../arm-none-eabi/lib/armv6-m/crt0.o (main)
C:/Users/Emanuele/Documents/sloeber-workspace/ByPass/Release/arduino.ar(new.cpp.o)
                              C:/Users/Emanuele/Documents/sloeber-workspace/ByPass/Release/arduino.ar(USBCore.cpp.o) (operator new(unsigned int))
C:/Users/Emanuele/Documents/sloeber-workspace/ByPass/Release/arduino.ar(startup.c.o)
                              C:/Users/Emanuele/Documents/sloeber-workspace/ByPass/Release/arduino.ar(cortex_handlers.c.o) (SystemInit)
C:/Users/Emanuele/Documents/sloeber-workspace/ByPass/Release/arduino.ar(wiring.c.o)
                              C:/Users/Emanuele/Documents/sloeber-workspace/ByPass/Release/arduino.ar(main.cpp.o) (init)
C:/Users/Emanuele/Documents/sloeber-workspace/ByPass/Release/arduino.ar(wiring_analog.c.o)
                              C:/Users/Emanuele/Documents/sloeber-workspace/ByPass/Release/arduino.ar(wiring.c.o) (analogReference)
C:/Users/Emanuele/Documents/sloeber-workspace/ByPass/Release/arduino.ar(wiring_digital.c.o)
                              .\sloeber.ino.cpp.o (pinMode)
C:/Users/Emanuele/Documents/sloeber-workspace/ByPass/Release/arduino.ar(wiring_private.c.o)
                              C:/Users/Emanuele/Documents/sloeber-workspace/ByPass/Release/arduino.ar(Uart.cpp.o) (pinPeripheral)
C:/Users/Emanuele/Documents/sloeber-workspace/ByPass/Release/arduino.ar(PluggableUSB.cpp.o)
                              C:/Users/Emanuele/Documents/sloeber-workspace/ByPass/Release/arduino.ar(USBCore.cpp.o) (PluggableUSB_::getInterface(unsigned char*))
C:/Users/Emanuele/Documents/sloeber-workspace/ByPass/Release/arduino.ar(RingBuffer.cpp.o)
                              C:/Users/Emanuele/Documents/sloeber-workspace/ByPass/Release/arduino.ar(Uart.cpp.o) (RingBuffer::RingBuffer())
c:/program files/sloeber/arduinoplugin/packages/arduino/tools/arm-none-eabi-gcc/4.8.3-2014q1/bin/../lib/gcc/arm-none-eabi/4.8.3/../../../../arm-none-eabi/lib/armv6-m\libm.a(lib_a-s_fpclassify.o)
                              C:/Users/Emanuele/Documents/sloeber-workspace/ByPass/Release/arduino.ar(Print.cpp.o) (__fpclassifyd)
c:/program files/sloeber/arduinoplugin/packages/arduino/tools/arm-none-eabi-gcc/4.8.3-2014q1/bin/../lib/gcc/arm-none-eabi/4.8.3/armv6-m\libgcc.a(_thumb1_case_uqi.o)
                              C:/Users/Emanuele/Documents/sloeber-workspace/ByPass/Release/arduino.ar(USBCore.cpp.o) (__gnu_thumb1_case_uqi)
c:/program files/sloeber/arduinoplugin/packages/arduino/tools/arm-none-eabi-gcc/4.8.3-2014q1/bin/../lib/gcc/arm-none-eabi/4.8.3/armv6-m\libgcc.a(_udivsi3.o)
[...]
Memory Configuration

Name             Origin             Length             Attributes
FLASH            0x00002000         0x0003e000         xr
RAM              0x20000000         0x00008000         xrw
*default*        0x00000000         0xffffffff

Linker script and memory map

LOAD c:/program files/sloeber/arduinoplugin/packages/arduino/tools/arm-none-eabi-gcc/4.8.3-2014q1/bin/../lib/gcc/arm-none-eabi/4.8.3/armv6-m/crti.o
LOAD c:/program files/sloeber/arduinoplugin/packages/arduino/tools/arm-none-eabi-gcc/4.8.3-2014q1/bin/../lib/gcc/arm-none-eabi/4.8.3/armv6-m/crtbegin.o
LOAD c:/program files/sloeber/arduinoplugin/packages/arduino/tools/arm-none-eabi-gcc/4.8.3-2014q1/bin/../lib/gcc/arm-none-eabi/4.8.3/../../../../arm-none-eabi/lib/armv6-m/crt0.o
LOAD .\sloeber.ino.cpp.o
START GROUP
LOAD C:\Program Files\sloeber\/arduinoPlugin/packages/arduino/tools/CMSIS/4.5.0/CMSIS/Lib/GCC/\libarm_cortexM0l_math.a
LOAD c:/program files/sloeber/arduinoplugin/packages/arduino/tools/arm-none-eabi-gcc/4.8.3-2014q1/bin/../lib/gcc/arm-none-eabi/4.8.3/../../../../arm-none-eabi/lib/armv6-m\libm.a
LOAD C:/Users/Emanuele/Documents/sloeber-workspace/ByPass/Release/arduino.ar
END GROUP
START GROUP
LOAD c:/program files/sloeber/arduinoplugin/packages/arduino/tools/arm-none-eabi-gcc/4.8.3-2014q1/bin/../lib/gcc/arm-none-eabi/4.8.3/armv6-m\libgcc.a
LOAD c:/program files/sloeber/arduinoplugin/packages/arduino/tools/arm-none-eabi-gcc/4.8.3-2014q1/bin/../lib/gcc/arm-none-eabi/4.8.3/../../../../arm-none-eabi/lib/armv6-m\libc_s.a
END GROUP
START GROUP
LOAD c:/program files/sloeber/arduinoplugin/packages/arduino/tools/arm-none-eabi-gcc/4.8.3-2014q1/bin/../lib/gcc/arm-none-eabi/4.8.3/armv6-m\libgcc.a
LOAD c:/program files/sloeber/arduinoplugin/packages/arduino/tools/arm-none-eabi-gcc/4.8.3-2014q1/bin/../lib/gcc/arm-none-eabi/4.8.3/../../../../arm-none-eabi/lib/armv6-m\libc_s.a
LOAD c:/program files/sloeber/arduinoplugin/packages/arduino/tools/arm-none-eabi-gcc/4.8.3-2014q1/bin/../lib/gcc/arm-none-eabi/4.8.3/../../../../arm-none-eabi/lib/armv6-m\libnosys.a
END GROUP
START GROUP
LOAD c:/program files/sloeber/arduinoplugin/packages/arduino/tools/arm-none-eabi-gcc/4.8.3-2014q1/bin/../lib/gcc/arm-none-eabi/4.8.3/armv6-m\libgcc.a
LOAD c:/program files/sloeber/arduinoplugin/packages/arduino/tools/arm-none-eabi-gcc/4.8.3-2014q1/bin/../lib/gcc/arm-none-eabi/4.8.3/../../../../arm-none-eabi/lib/armv6-m\libc_s.a
LOAD c:/program files/sloeber/arduinoplugin/packages/arduino/tools/arm-none-eabi-gcc/4.8.3-2014q1/bin/../lib/gcc/arm-none-eabi/4.8.3/../../../../arm-none-eabi/lib/armv6-m\libnosys.a
END GROUP
LOAD c:/program files/sloeber/arduinoplugin/packages/arduino/tools/arm-none-eabi-gcc/4.8.3-2014q1/bin/../lib/gcc/arm-none-eabi/4.8.3/armv6-m/crtend.o
LOAD c:/program files/sloeber/arduinoplugin/packages/arduino/tools/arm-none-eabi-gcc/4.8.3-2014q1/bin/../lib/gcc/arm-none-eabi/4.8.3/armv6-m/crtn.o

.text           0x00002000     0x26a8
                0x00002000                __text_start__ = .
 *(.sketch_boot)
                0x00002000                . = ALIGN (0x2000)
 *(.isr_vector)
 .isr_vector    0x00002000       0xb4 C:/Users/Emanuele/Documents/sloeber-workspace/ByPass/Release/arduino.ar(cortex_handlers.c.o)
                0x00002000                exception_table
 *(.text*)
 .text          0x000020b4       0x60 c:/program files/sloeber/arduinoplugin/packages/arduino/tools/arm-none-eabi-gcc/4.8.3-2014q1/bin/../lib/gcc/arm-none-eabi/4.8.3/armv6-m/crtbegin.o
 .text.setup    0x00002114       0xa0 .\sloeber.ino.cpp.o
                0x00002114                setup
 .text.loop     0x000021b4       0x88 .\sloeber.ino.cpp.o
                0x000021b4                loop
 .text.SERCOM0_Handler
                0x0000223c       0x10 C:/Users/Emanuele/Documents/sloeber-workspace/ByPass/Release/arduino.ar(variant.cpp.o)
                0x0000223c                SERCOM0_Handler
 .text.SERCOM5_Handler
                0x0000224c       0x10 C:/Users/Emanuele/Documents/sloeber-workspace/ByPass/Release/arduino.ar(variant.cpp.o)
                0x0000224c                SERCOM5_Handler
 .text.startup._GLOBAL__sub_I_g_APinDescription
                0x0000225c       0x94 C:/Users/Emanuele/Documents/sloeber-workspace/ByPass/Release/arduino.ar(variant.cpp.o)
 .text._ZN7Serial_17availableForWriteEv
                0x000022f0        0x4 C:/Users/Emanuele/Documents/sloeber-workspace/ByPass/Release/arduino.ar(CDC.cpp.o)
                0x000022f0                Serial_::availableForWrite()
 .text._ZN7Serial_5writeEh
                0x000022f4       0x14 C:/Users/Emanuele/Documents/sloeber-workspace/ByPass/Release/arduino.ar(CDC.cpp.o)
                0x000022f4                Serial_::write(unsigned char)
 .text._ZN7Serial_9availableEv
                0x00002308        0xc C:/Users/Emanuele/Documents/sloeber-workspace/ByPass/Release/arduino.ar(CDC.cpp.o)
                0x00002308                Serial_::available()
 .text._ZN7Serial_5flushEv
                0x00002314        0xc C:/Users/Emanuele/Documents/sloeber-workspace/ByPass/Release/arduino.ar(CDC.cpp.o)
                0x00002314                Serial_::flush()
 .text._ZN7Serial_5writeEPKhj
                0x00002320       0x1c C:/Users/Emanuele/Documents/sloeber-workspace/ByPass/Release/arduino.ar(CDC.cpp.o)
                0x00002320                Serial_::write(unsigned char const*, unsigned int)
 .text._ZN7Serial_4peekEv
                0x0000233c       0x1c C:/Users/Emanuele/Documents/sloeber-workspace/ByPass/Release/arduino.ar(CDC.cpp.o)
                0x0000233c                Serial_::peek()
 .text._ZN7Serial_4readEv
                0x00002358       0x24 C:/Users/Emanuele/Documents/sloeber-workspace/ByPass/Release/arduino.ar(CDC.cpp.o)
                0x00002358                Serial_::read()
 .text._Z16CDC_GetInterfacePh
                0x0000237c       0x1c C:/Users/Emanuele/Documents/sloeber-workspace/ByPass/Release/arduino.ar(CDC.cpp.o)
                0x0000237c                CDC_GetInterface(unsigned char*)
 .text._Z9CDC_SetupR8USBSetup
                0x00002398       0x80 C:/Users/Emanuele/Documents/sloeber-workspace/ByPass/Release/arduino.ar(CDC.cpp.o)
                0x00002398                CDC_Setup(USBSetup&)
 .text._ZN7Serial_5beginEm
                0x00002418        0x2 C:/Users/Emanuele/Documents/sloeber-workspace/ByPass/Release/arduino.ar(CDC.cpp.o)
                0x00002418                Serial_::begin(unsigned long)
 *fill*         0x0000241a        0x2 
 .text.startup._GLOBAL__sub_I__Z17_CDC_GetInterfacev
                0x0000241c       0x28 C:/Users/Emanuele/Documents/sloeber-workspace/ByPass/Release/arduino.ar(CDC.cpp.o)
 .text._ZN14USBDeviceClass6initEPEmm.part.4
                0x00002444       0x80 C:/Users/Emanuele/Documents/sloeber-workspace/ByPass/Release/arduino.ar(USBCore.cpp.o)
 .text._ZN20USBDevice_SAMD21G18x5resetEv
                0x000024c4       0x28 C:/Users/Emanuele/Documents/sloeber-workspace/ByPass/Release/arduino.ar(USBCore.cpp.o)
                0x000024c4                USBDevice_SAMD21G18x::reset()
 .text._ZN20USBDevice_SAMD21G18x9calibrateEv
                0x000024ec       0x5c C:/Users/Emanuele/Documents/sloeber-workspace/ByPass/Release/arduino.ar(USBCore.cpp.o)
                0x000024ec                USBDevice_SAMD21G18x::calibrate()
 .text._ZN7__GuardC2Ev
                0x00002548        0xe C:/Users/Emanuele/Documents/sloeber-workspace/ByPass/Release/arduino.ar(USBCore.cpp.o)
                0x00002548                __Guard::__Guard()
                0x00002548                __Guard::__Guard()
 .text._ZN7__GuardD2Ev
                0x00002556        0xe C:/Users/Emanuele/Documents/sloeber-workspace/ByPass/Release/arduino.ar(USBCore.cpp.o)
                0x00002556                __Guard::~__Guard()
                0x00002556                __Guard::~__Guard()
 .text._ZNK26DoubleBufferedEPOutHandler9availableEv
                0x00002564       0x5e C:/Users/Emanuele/Documents/sloeber-workspace/ByPass/Release/arduino.ar(USBCore.cpp.o)
                0x00002564                DoubleBufferedEPOutHandler::available() const
 *fill*         0x000025c2        0x2 
 .text._ZN26DoubleBufferedEPOutHandler7releaseEv
                0x000025c4       0x58 C:/Users/Emanuele/Documents/sloeber-workspace/ByPass/Release/arduino.ar(USBCore.cpp.o)
                0x000025c4                DoubleBufferedEPOutHandler::release()
 .text._ZN26DoubleBufferedEPOutHandler4recvEPvm
                0x0000261c      0x11c C:/Users/Emanuele/Documents/sloeber-workspace/ByPass/Release/arduino.ar(USBCore.cpp.o)
                0x0000261c                DoubleBufferedEPOutHandler::recv(void*, unsigned long)
 .text._ZN26DoubleBufferedEPOutHandler14handleEndpointEv
                0x00002738       0xc4 C:/Users/Emanuele/Documents/sloeber-workspace/ByPass/Release/arduino.ar(USBCore.cpp.o)
                0x00002738                DoubleBufferedEPOutHandler::handleEndpoint()
 .text._ZN14USBDeviceClass14SendInterfacesEPm
                0x000027fc       0x2c C:/Users/Emanuele/Documents/sloeber-workspace/ByPass/Release/arduino.ar(USBCore.cpp.o)
                0x000027fc                USBDeviceClass::SendInterfaces(unsigned long*)
 .text._ZN14USBDeviceClass14handleEndpointEh
                0x00002828       0x40 C:/Users/Emanuele/Documents/sloeber-workspace/ByPass/Release/arduino.ar(USBCore.cpp.o)
                0x00002828                USBDeviceClass::handleEndpoint(unsigned char)
 .text._ZN14USBDeviceClass4initEv
                0x00002868       0xf0 C:/Users/Emanuele/Documents/sloeber-workspace/ByPass/Release/arduino.ar(USBCore.cpp.o)
                0x00002868                USBDeviceClass::init()
 .text._ZN14USBDeviceClass6attachEv
                0x00002958       0x34 C:/Users/Emanuele/Documents/sloeber-workspace/ByPass/Release/arduino.ar(USBCore.cpp.o)
                0x00002958                USBDeviceClass::attach()
 .text._ZN14USBDeviceClass10setAddressEm
                0x0000298c       0x48 C:/Users/Emanuele/Documents/sloeber-workspace/ByPass/Release/arduino.ar(USBCore.cpp.o)
                0x0000298c                USBDeviceClass::setAddress(unsigned long)
 .text._ZN14USBDeviceClass25handleClassInterfaceSetupER8USBSetup
                0x000029d4       0x40 C:/Users/Emanuele/Documents/sloeber-workspace/ByPass/Release/arduino.ar(USBCore.cpp.o)
                0x000029d4                USBDeviceClass::handleClassInterfaceSetup(USBSetup&)
 .text._ZN14USBDeviceClass6initEPEmm
                0x00002a14      0x128 C:/Users/Emanuele/Documents/sloeber-workspace/ByPass/Release/arduino.ar(USBCore.cpp.o)
                0x00002a14                USBDeviceClass::initEP(unsigned long, unsigned long)
 .text._ZN14USBDeviceClass13initEndpointsEv
                0x00002b3c       0x24 C:/Users/Emanuele/Documents/sloeber-workspace/ByPass/Release/arduino.ar(USBCore.cpp.o)
                0x00002b3c                USBDeviceClass::initEndpoints()
 .text._ZN14USBDeviceClass9availableEm
                0x00002b60       0x2c C:/Users/Emanuele/Documents/sloeber-workspace/ByPass/Release/arduino.ar(USBCore.cpp.o)
                0x00002b60                USBDeviceClass::available(unsigned long)
 .text._ZN14USBDeviceClass5flushEm
                0x00002b8c       0x2c C:/Users/Emanuele/Documents/sloeber-workspace/ByPass/Release/arduino.ar(USBCore.cpp.o)
                0x00002b8c                USBDeviceClass::flush(unsigned long)
 .text._ZN14USBDeviceClass14armRecvCtrlOUTEm
                0x00002bb8       0x60 C:/Users/Emanuele/Documents/sloeber-workspace/ByPass/Release/arduino.ar(USBCore.cpp.o)
                0x00002bb8                USBDeviceClass::armRecvCtrlOUT(unsigned long)
 .text._ZN14USBDeviceClass11recvControlEPvm
                0x00002c18       0x3c C:/Users/Emanuele/Documents/sloeber-workspace/ByPass/Release/arduino.ar(USBCore.cpp.o)
                0x00002c18                USBDeviceClass::recvControl(void*, unsigned long)
 .text._ZN14USBDeviceClass7armRecvEm
                0x00002c54       0x3c C:/Users/Emanuele/Documents/sloeber-workspace/ByPass/Release/arduino.ar(USBCore.cpp.o)
                0x00002c54                USBDeviceClass::armRecv(unsigned long)
 .text._ZN14USBDeviceClass4recvEmPvm
                0x00002c90       0xd8 C:/Users/Emanuele/Documents/sloeber-workspace/ByPass/Release/arduino.ar(USBCore.cpp.o)
                0x00002c90                USBDeviceClass::recv(unsigned long, void*, unsigned long)
 .text._ZN14USBDeviceClass4recvEm
                0x00002d68       0x1c C:/Users/Emanuele/Documents/sloeber-workspace/ByPass/Release/arduino.ar(USBCore.cpp.o)
                0x00002d68                USBDeviceClass::recv(unsigned long)
 .text._ZN14USBDeviceClass4sendEmPKvm
                0x00002d84      0x124 C:/Users/Emanuele/Documents/sloeber-workspace/ByPass/Release/arduino.ar(USBCore.cpp.o)
                0x00002d84                USBDeviceClass::send(unsigned long, void const*, unsigned long)
 .text._ZN14USBDeviceClass7armSendEmPKvm
                0x00002ea8       0x48 C:/Users/Emanuele/Documents/sloeber-workspace/ByPass/Release/arduino.ar(USBCore.cpp.o)
                0x00002ea8                USBDeviceClass::armSend(unsigned long, void const*, unsigned long)
 .text._ZN14USBDeviceClass11sendControlEPKvm
                0x00002ef0       0x58 C:/Users/Emanuele/Documents/sloeber-workspace/ByPass/Release/arduino.ar(USBCore.cpp.o)
                0x00002ef0                USBDeviceClass::sendControl(void const*, unsigned long)
 .text._ZN14USBDeviceClass20sendStringDescriptorEPKhh
                0x00002f48       0x68 C:/Users/Emanuele/Documents/sloeber-workspace/ByPass/Release/arduino.ar(USBCore.cpp.o)
                0x00002f48                USBDeviceClass::sendStringDescriptor(unsigned char const*, unsigned char)
 .text._ZN14USBDeviceClass12packMessagesEb.part.6
                0x00002fb0       0x20 C:/Users/Emanuele/Documents/sloeber-workspace/ByPass/Release/arduino.ar(USBCore.cpp.o)
 .text._ZN14USBDeviceClass17sendConfigurationEm
                0x00002fd0       0x90 C:/Users/Emanuele/Documents/sloeber-workspace/ByPass/Release/arduino.ar(USBCore.cpp.o)
                0x00002fd0                USBDeviceClass::sendConfiguration(unsigned long)
 .text._ZN14USBDeviceClass14sendDescriptorER8USBSetup
                0x00003060       0xb4 C:/Users/Emanuele/Documents/sloeber-workspace/ByPass/Release/arduino.ar(USBCore.cpp.o)
                0x00003060                USBDeviceClass::sendDescriptor(USBSetup&)
 .text._ZN14USBDeviceClass19handleStandardSetupER8USBSetup
                0x00003114      0x118 C:/Users/Emanuele/Documents/sloeber-workspace/ByPass/Release/arduino.ar(USBCore.cpp.o)
                0x00003114                USBDeviceClass::handleStandardSetup(USBSetup&)
 .text._ZN14USBDeviceClass10ISRHandlerEv
                0x0000322c      0x150 C:/Users/Emanuele/Documents/sloeber-workspace/ByPass/Release/arduino.ar(USBCore.cpp.o)
                0x0000322c                USBDeviceClass::ISRHandler()
 .text.UDD_Handler
                0x0000337c       0x10 C:/Users/Emanuele/Documents/sloeber-workspace/ByPass/Release/arduino.ar(USBCore.cpp.o)
                0x0000337c                UDD_Handler
 .text.startup._GLOBAL__sub_I__ZN20USBDevice_SAMD21G18x5resetEv
                0x0000338c       0x10 C:/Users/Emanuele/Documents/sloeber-workspace/ByPass/Release/arduino.ar(USBCore.cpp.o)
 .text._ZN5Print5writeEPKhj
                0x0000339c       0x28 C:/Users/Emanuele/Documents/sloeber-workspace/ByPass/Release/arduino.ar(Print.cpp.o)
                0x0000339c                Print::write(unsigned char const*, unsigned int)
 .text._ZN5Print5writeEPKc
                0x000033c4       0x1c C:/Users/Emanuele/Documents/sloeber-workspace/ByPass/Release/arduino.ar(Print.cpp.o)
                0x000033c4                Print::write(char const*)
 .text._ZN5Print5printEc
                0x000033e0        0xa C:/Users/Emanuele/Documents/sloeber-workspace/ByPass/Release/arduino.ar(Print.cpp.o)
                0x000033e0                Print::print(char)
 *fill*         0x000033ea        0x2 
 .text._ZN5Print7printlnEv
                0x000033ec       0x10 C:/Users/Emanuele/Documents/sloeber-workspace/ByPass/Release/arduino.ar(Print.cpp.o)
                0x000033ec                Print::println()
 .text._ZN5Print7printlnEPKc
                0x000033fc       0x14 C:/Users/Emanuele/Documents/sloeber-workspace/ByPass/Release/arduino.ar(Print.cpp.o)
                0x000033fc                Print::println(char const*)
 .text.initiateReset
                0x00003410        0xc C:/Users/Emanuele/Documents/sloeber-workspace/ByPass/Release/arduino.ar(Reset.cpp.o)
                0x00003410                initiateReset
 .text.cancelReset
                0x0000341c       0x10 C:/Users/Emanuele/Documents/sloeber-workspace/ByPass/Release/arduino.ar(Reset.cpp.o)
                0x0000341c                cancelReset
 .text.tickReset
                0x0000342c       0x74 C:/Users/Emanuele/Documents/sloeber-workspace/ByPass/Release/arduino.ar(Reset.cpp.o)
                0x0000342c                tickReset
 .text._ZN6SERCOMC2EP6Sercom
                0x000034a0        0x4 C:/Users/Emanuele/Documents/sloeber-workspace/ByPass/Release/arduino.ar(SERCOM.cpp.o)
                0x000034a0                SERCOM::SERCOM(Sercom*)
                0x000034a0                SERCOM::SERCOM(Sercom*)
 .text._ZN6SERCOM9initFrameE18SercomUartCharSize15SercomDataOrder16SercomParityMode19SercomNumberStopBit
                0x000034a4       0x38 C:/Users/Emanuele/Documents/sloeber-workspace/ByPass/Release/arduino.ar(SERCOM.cpp.o)
                0x000034a4                SERCOM::initFrame(SercomUartCharSize, SercomDataOrder, SercomParityMode, SercomNumberStopBit)
 .text._ZN6SERCOM8initPadsE15SercomUartTXPad11SercomRXPad
                0x000034dc       0x26 C:/Users/Emanuele/Documents/sloeber-workspace/ByPass/Release/arduino.ar(SERCOM.cpp.o)
                0x000034dc                SERCOM::initPads(SercomUartTXPad, SercomRXPad)
 .text._ZN6SERCOM9resetUARTEv
                0x00003502       0x1c C:/Users/Emanuele/Documents/sloeber-workspace/ByPass/Release/arduino.ar(SERCOM.cpp.o)
                0x00003502                SERCOM::resetUART()
 .text._ZN6SERCOM10enableUARTEv
                0x0000351e       0x14 C:/Users/Emanuele/Documents/sloeber-workspace/ByPass/Release/arduino.ar(SERCOM.cpp.o)
                0x0000351e                SERCOM::enableUART()
 .text._ZN6SERCOM9flushUARTEv
                0x00003532       0x10 C:/Users/Emanuele/Documents/sloeber-workspace/ByPass/Release/arduino.ar(SERCOM.cpp.o)
                0x00003532                SERCOM::flushUART()
 .text._ZN6SERCOM15clearStatusUARTEv
                0x00003542        0x8 C:/Users/Emanuele/Documents/sloeber-workspace/ByPass/Release/arduino.ar(SERCOM.cpp.o)
                0x00003542                SERCOM::clearStatusUART()
 .text._ZN6SERCOM17availableDataUARTEv
                0x0000354a        0xa C:/Users/Emanuele/Documents/sloeber-workspace/ByPass/Release/arduino.ar(SERCOM.cpp.o)
                0x0000354a                SERCOM::availableDataUART()
 .text._ZN6SERCOM11isUARTErrorEv
                0x00003554        0x8 C:/Users/Emanuele/Documents/sloeber-workspace/ByPass/Release/arduino.ar(SERCOM.cpp.o)
                0x00003554                SERCOM::isUARTError()
 .text._ZN6SERCOM20acknowledgeUARTErrorEv
                0x0000355c        0xe C:/Users/Emanuele/Documents/sloeber-workspace/ByPass/Release/arduino.ar(SERCOM.cpp.o)
                0x0000355c                SERCOM::acknowledgeUARTError()
 .text._ZN6SERCOM12readDataUARTEv
                0x0000356a        0x8 C:/Users/Emanuele/Documents/sloeber-workspace/ByPass/Release/arduino.ar(SERCOM.cpp.o)
                0x0000356a                SERCOM::readDataUART()
 .text._ZN6SERCOM13writeDataUARTEh
                0x00003572        0xe C:/Users/Emanuele/Documents/sloeber-workspace/ByPass/Release/arduino.ar(SERCOM.cpp.o)
                0x00003572                SERCOM::writeDataUART(unsigned char)
 .text._ZN6SERCOM13initClockNVICEv
                0x00003580       0xac C:/Users/Emanuele/Documents/sloeber-workspace/ByPass/Release/arduino.ar(SERCOM.cpp.o)
                0x00003580                SERCOM::initClockNVIC()
 .text._ZN6SERCOM8initUARTE14SercomUartMode20SercomUartSampleRatem
                0x0000362c       0x6c C:/Users/Emanuele/Documents/sloeber-workspace/ByPass/Release/arduino.ar(SERCOM.cpp.o)
                0x0000362c                SERCOM::initUART(SercomUartMode, SercomUartSampleRate, unsigned long)
 .text._ZN4UartcvbEv
                0x00003698        0x4 C:/Users/Emanuele/Documents/sloeber-workspace/ByPass/Release/arduino.ar(Uart.cpp.o)
                0x00003698                Uart::operator bool()
 .text._ZN4Uart5beginEm
                0x0000369c       0x10 C:/Users/Emanuele/Documents/sloeber-workspace/ByPass/Release/arduino.ar(Uart.cpp.o)
                0x0000369c                Uart::begin(unsigned long)
 .text._ZN4Uart3endEv
                0x000036ac       0x14 C:/Users/Emanuele/Documents/sloeber-workspace/ByPass/Release/arduino.ar(Uart.cpp.o)
                0x000036ac                Uart::end()
 .text._ZN4Uart5flushEv
                0x000036c0        0xa C:/Users/Emanuele/Documents/sloeber-workspace/ByPass/Release/arduino.ar(Uart.cpp.o)
                0x000036c0                Uart::flush()
 .text._ZN4Uart9availableEv
                0x000036ca        0xa C:/Users/Emanuele/Documents/sloeber-workspace/ByPass/Release/arduino.ar(Uart.cpp.o)
                0x000036ca                Uart::available()
 .text._ZN4Uart4peekEv
                0x000036d4        0xa C:/Users/Emanuele/Documents/sloeber-workspace/ByPass/Release/arduino.ar(Uart.cpp.o)
                0x000036d4                Uart::peek()
 .text._ZN4Uart4readEv
                0x000036de        0xa C:/Users/Emanuele/Documents/sloeber-workspace/ByPass/Release/arduino.ar(Uart.cpp.o)
                0x000036de                Uart::read()
 .text._ZN4Uart5writeEh
                0x000036e8        0xc C:/Users/Emanuele/Documents/sloeber-workspace/ByPass/Release/arduino.ar(Uart.cpp.o)
                0x000036e8                Uart::write(unsigned char)
 .text._ZN4UartC2EP6SERCOMhh11SercomRXPad15SercomUartTXPad
                0x000036f4       0x48 C:/Users/Emanuele/Documents/sloeber-workspace/ByPass/Release/arduino.ar(Uart.cpp.o)
                0x000036f4                Uart::Uart(SERCOM*, unsigned char, unsigned char, SercomRXPad, SercomUartTXPad)
                0x000036f4                Uart::Uart(SERCOM*, unsigned char, unsigned char, SercomRXPad, SercomUartTXPad)
 .text._ZN4Uart10IrqHandlerEv
                0x0000373c       0x36 C:/Users/Emanuele/Documents/sloeber-workspace/ByPass/Release/arduino.ar(Uart.cpp.o)
                0x0000373c                Uart::IrqHandler()
 .text._ZN4Uart16extractNbStopBitEt
                0x00003772        0xe C:/Users/Emanuele/Documents/sloeber-workspace/ByPass/Release/arduino.ar(Uart.cpp.o)
                0x00003772                Uart::extractNbStopBit(unsigned short)
 .text._ZN4Uart15extractCharSizeEt
                0x00003780       0x2c C:/Users/Emanuele/Documents/sloeber-workspace/ByPass/Release/arduino.ar(Uart.cpp.o)
                0x00003780                Uart::extractCharSize(unsigned short)
 .text._ZN4Uart13extractParityEt
                0x000037ac       0x18 C:/Users/Emanuele/Documents/sloeber-workspace/ByPass/Release/arduino.ar(Uart.cpp.o)
                0x000037ac                Uart::extractParity(unsigned short)
 .text._ZN4Uart5beginEmt
                0x000037c4       0x88 C:/Users/Emanuele/Documents/sloeber-workspace/ByPass/Release/arduino.ar(Uart.cpp.o)
                0x000037c4                Uart::begin(unsigned long, unsigned short)
 .text.Dummy_Handler
                0x0000384c        0x2 C:/Users/Emanuele/Documents/sloeber-workspace/ByPass/Release/arduino.ar(cortex_handlers.c.o)
                0x0000384c                DMAC_Handler
                0x0000384c                HardFault_Handler
                0x0000384c                AC_Handler
                0x0000384c                PendSV_Handler
                0x0000384c                NMI_Handler
                0x0000384c                TC7_Handler
                0x0000384c                SERCOM1_Handler
                0x0000384c                ADC_Handler
                0x0000384c                TCC1_Handler
                0x0000384c                SERCOM2_Handler
                0x0000384c                TCC0_Handler
                0x0000384c                RTC_Handler
                0x0000384c                EIC_Handler
                0x0000384c                TC6_Handler
                0x0000384c                WDT_Handler
                0x0000384c                TC4_Handler
                0x0000384c                TC3_Handler
                0x0000384c                Dummy_Handler
                0x0000384c                PM_Handler
                0x0000384c                SVC_Handler
                0x0000384c                TCC2_Handler
                0x0000384c                EVSYS_Handler
                0x0000384c                SERCOM3_Handler
                0x0000384c                SERCOM4_Handler
                0x0000384c                I2S_Handler
                0x0000384c                NVMCTRL_Handler
                0x0000384c                DAC_Handler
                0x0000384c                PTC_Handler
                0x0000384c                SYSCTRL_Handler
 *fill*         0x0000384e        0x2 
 .text.USB_Handler
                0x00003850       0x14 C:/Users/Emanuele/Documents/sloeber-workspace/ByPass/Release/arduino.ar(cortex_handlers.c.o)
                0x00003850                USB_Handler
 .text.Reset_Handler
                0x00003864       0x54 C:/Users/Emanuele/Documents/sloeber-workspace/ByPass/Release/arduino.ar(cortex_handlers.c.o)
                0x00003864                Reset_Handler
 .text.SysTick_Handler
                0x000038b8       0x10 C:/Users/Emanuele/Documents/sloeber-workspace/ByPass/Release/arduino.ar(cortex_handlers.c.o)
                0x000038b8                SysTick_Handler
 .text.USB_SetHandler
                0x000038c8        0xc C:/Users/Emanuele/Documents/sloeber-workspace/ByPass/Release/arduino.ar(cortex_handlers.c.o)
                0x000038c8                USB_SetHandler
 .text.delay    0x000038d4       0x20 C:/Users/Emanuele/Documents/sloeber-workspace/ByPass/Release/arduino.ar(delay.c.o)
                0x000038d4                delay
 .text.SysTick_DefaultHandler
                0x000038f4       0x14 C:/Users/Emanuele/Documents/sloeber-workspace/ByPass/Release/arduino.ar(delay.c.o)
                0x000038f4                SysTick_DefaultHandler
 .text.__empty  0x00003908        0x2 C:/Users/Emanuele/Documents/sloeber-workspace/ByPass/Release/arduino.ar(hooks.c.o)
                0x00003908                yield
 .text.__false  0x0000390a        0x4 C:/Users/Emanuele/Documents/sloeber-workspace/ByPass/Release/arduino.ar(hooks.c.o)
                0x0000390a                sysTickHook
 .text._Z11initVariantv
                0x0000390e        0x2 C:/Users/Emanuele/Documents/sloeber-workspace/ByPass/Release/arduino.ar(main.cpp.o)
                0x0000390e                initVariant()
 .text.startup.main
                0x00003910       0x40 C:/Users/Emanuele/Documents/sloeber-workspace/ByPass/Release/arduino.ar(main.cpp.o)
                0x00003910                main
 .text._Znwj    0x00003950        0x8 C:/Users/Emanuele/Documents/sloeber-workspace/ByPass/Release/arduino.ar(new.cpp.o)
                0x00003950                operator new(unsigned int)
 .text.SystemInit
                0x00003958      0x168 C:/Users/Emanuele/Documents/sloeber-workspace/ByPass/Release/arduino.ar(startup.c.o)
                0x00003958                SystemInit
 .text.init     0x00003ac0       0xf0 C:/Users/Emanuele/Documents/sloeber-workspace/ByPass/Release/arduino.ar(wiring.c.o)
                0x00003ac0                init
 .text.analogReference
                0x00003bb0       0x5c C:/Users/Emanuele/Documents/sloeber-workspace/ByPass/Release/arduino.ar(wiring_analog.c.o)
                0x00003bb0                analogReference
 .text.pinMode  0x00003c0c       0xb4 C:/Users/Emanuele/Documents/sloeber-workspace/ByPass/Release/arduino.ar(wiring_digital.c.o)
                0x00003c0c                pinMode
 .text.digitalWrite
                0x00003cc0       0x60 C:/Users/Emanuele/Documents/sloeber-workspace/ByPass/Release/arduino.ar(wiring_digital.c.o)
                0x00003cc0                digitalWrite
 .text.pinPeripheral
                0x00003d20       0xc4 C:/Users/Emanuele/Documents/sloeber-workspace/ByPass/Release/arduino.ar(wiring_private.c.o)
                0x00003d20                pinPeripheral
 .text._ZN13PluggableUSB_12getInterfaceEPh
                0x00003de4       0x2a C:/Users/Emanuele/Documents/sloeber-workspace/ByPass/Release/arduino.ar(PluggableUSB.cpp.o)
                0x00003de4                PluggableUSB_::getInterface(unsigned char*)
 .text._ZN13PluggableUSB_13getDescriptorER8USBSetup
                0x00003e0e       0x20 C:/Users/Emanuele/Documents/sloeber-workspace/ByPass/Release/arduino.ar(PluggableUSB.cpp.o)
                0x00003e0e                PluggableUSB_::getDescriptor(USBSetup&)
 .text._ZN13PluggableUSB_12getShortNameEPc
                0x00003e2e       0x1e C:/Users/Emanuele/Documents/sloeber-workspace/ByPass/Release/arduino.ar(PluggableUSB.cpp.o)
                0x00003e2e                PluggableUSB_::getShortName(char*)
 .text._ZN13PluggableUSB_5setupER8USBSetup
                0x00003e4c       0x24 C:/Users/Emanuele/Documents/sloeber-workspace/ByPass/Release/arduino.ar(PluggableUSB.cpp.o)
                0x00003e4c                PluggableUSB_::setup(USBSetup&)
 .text._Z12PluggableUSBv
                0x00003e70       0x24 C:/Users/Emanuele/Documents/sloeber-workspace/ByPass/Release/arduino.ar(PluggableUSB.cpp.o)
                0x00003e70                PluggableUSB()
 .text._ZN10RingBufferC2Ev
                0x00003e94       0x1a C:/Users/Emanuele/Documents/sloeber-workspace/ByPass/Release/arduino.ar(RingBuffer.cpp.o)
                0x00003e94                RingBuffer::RingBuffer()
                0x00003e94                RingBuffer::RingBuffer()
 .text._ZN10RingBuffer10store_charEh
                0x00003eae       0x24 C:/Users/Emanuele/Documents/sloeber-workspace/ByPass/Release/arduino.ar(RingBuffer.cpp.o)
                0x00003eae                RingBuffer::store_char(unsigned char)
 .text._ZN10RingBuffer5clearEv
                0x00003ed2        0xe C:/Users/Emanuele/Documents/sloeber-workspace/ByPass/Release/arduino.ar(RingBuffer.cpp.o)
                0x00003ed2                RingBuffer::clear()
 .text._ZN10RingBuffer9read_charEv
                0x00003ee0       0x28 C:/Users/Emanuele/Documents/sloeber-workspace/ByPass/Release/arduino.ar(RingBuffer.cpp.o)
                0x00003ee0                RingBuffer::read_char()
 .text._ZN10RingBuffer9availableEv
                0x00003f08       0x12 C:/Users/Emanuele/Documents/sloeber-workspace/ByPass/Release/arduino.ar(RingBuffer.cpp.o)
                0x00003f08                RingBuffer::available()
 .text._ZN10RingBuffer4peekEv
                0x00003f1a       0x1a C:/Users/Emanuele/Documents/sloeber-workspace/ByPass/Release/arduino.ar(RingBuffer.cpp.o)
                0x00003f1a                RingBuffer::peek()
 .text          0x00003f34       0x14 c:/program files/sloeber/arduinoplugin/packages/arduino/tools/arm-none-eabi-gcc/4.8.3-2014q1/bin/../lib/gcc/arm-none-eabi/4.8.3/armv6-m\libgcc.a(_thumb1_case_uqi.o)
                0x00003f34                __gnu_thumb1_case_uqi
 .text          0x00003f48       0x9c c:/program files/sloeber/arduinoplugin/packages/arduino/tools/arm-none-eabi-gcc/4.8.3-2014q1/bin/../lib/gcc/arm-none-eabi/4.8.3/armv6-m\libgcc.a(_udivsi3.o)
                0x00003f48                __aeabi_uidiv
                0x00003f48                __udivsi3
                0x00003fd0                __aeabi_uidivmod
 .text          0x00003fe4        0x4 c:/program files/sloeber/arduinoplugin/packages/arduino/tools/arm-none-eabi-gcc/4.8.3-2014q1/bin/../lib/gcc/arm-none-eabi/4.8.3/armv6-m\libgcc.a(_dvmd_tls.o)
                0x00003fe4                __aeabi_idiv0
                0x00003fe4                __aeabi_ldiv0
 .text.__libc_init_array
                0x00003fe8       0x4c c:/program files/sloeber/arduinoplugin/packages/arduino/tools/arm-none-eabi-gcc/4.8.3-2014q1/bin/../lib/gcc/arm-none-eabi/4.8.3/../../../../arm-none-eabi/lib/armv6-m\libc_s.a(lib_a-init.o)
                0x00003fe8                __libc_init_array
 .text.malloc   0x00004034       0x14 c:/program files/sloeber/arduinoplugin/packages/arduino/tools/arm-none-eabi-gcc/4.8.3-2014q1/bin/../lib/gcc/arm-none-eabi/4.8.3/../../../../arm-none-eabi/lib/armv6-m\libc_s.a(lib_a-malloc.o)
                0x00004034                malloc
 .text.memcpy   0x00004048       0x12 c:/program files/sloeber/arduinoplugin/packages/arduino/tools/arm-none-eabi-gcc/4.8.3-2014q1/bin/../lib/gcc/arm-none-eabi/4.8.3/../../../../arm-none-eabi/lib/armv6-m\libc_s.a(lib_a-memcpy-stub.o)
                0x00004048                memcpy
 .text.memset   0x0000405a       0x10 c:/program files/sloeber/arduinoplugin/packages/arduino/tools/arm-none-eabi-gcc/4.8.3-2014q1/bin/../lib/gcc/arm-none-eabi/4.8.3/../../../../arm-none-eabi/lib/armv6-m\libc_s.a(lib_a-memset.o)
                0x0000405a                memset
 *fill*         0x0000406a        0x2 
 .text._malloc_r
                0x0000406c       0xa8 c:/program files/sloeber/arduinoplugin/packages/arduino/tools/arm-none-eabi-gcc/4.8.3-2014q1/bin/../lib/gcc/arm-none-eabi/4.8.3/../../../../arm-none-eabi/lib/armv6-m\libc_s.a(lib_a-nano-mallocr.o)
                0x0000406c                _malloc_r
 .text._sbrk_r  0x00004114       0x24 c:/program files/sloeber/arduinoplugin/packages/arduino/tools/arm-none-eabi-gcc/4.8.3-2014q1/bin/../lib/gcc/arm-none-eabi/4.8.3/../../../../arm-none-eabi/lib/armv6-m\libc_s.a(lib_a-sbrkr.o)
                0x00004114                _sbrk_r
 .text.strlen   0x00004138        0xe c:/program files/sloeber/arduinoplugin/packages/arduino/tools/arm-none-eabi-gcc/4.8.3-2014q1/bin/../lib/gcc/arm-none-eabi/4.8.3/../../../../arm-none-eabi/lib/armv6-m\libc_s.a(lib_a-strlen.o)
                0x00004138                strlen
 *fill*         0x00004146        0x2 
 .text._sbrk    0x00004148       0x34 c:/program files/sloeber/arduinoplugin/packages/arduino/tools/arm-none-eabi-gcc/4.8.3-2014q1/bin/../lib/gcc/arm-none-eabi/4.8.3/../../../../arm-none-eabi/lib/armv6-m\libnosys.a(sbrk.o)
                0x00004148                _sbrk
 *(.init)
 .init          0x0000417c        0x4 c:/program files/sloeber/arduinoplugin/packages/arduino/tools/arm-none-eabi-gcc/4.8.3-2014q1/bin/../lib/gcc/arm-none-eabi/4.8.3/armv6-m/crti.o
                0x0000417c                _init
 .init          0x00004180        0x8 c:/program files/sloeber/arduinoplugin/packages/arduino/tools/arm-none-eabi-gcc/4.8.3-2014q1/bin/../lib/gcc/arm-none-eabi/4.8.3/armv6-m/crtn.o
 *(.fini)
 .fini          0x00004188        0x4 c:/program files/sloeber/arduinoplugin/packages/arduino/tools/arm-none-eabi-gcc/4.8.3-2014q1/bin/../lib/gcc/arm-none-eabi/4.8.3/armv6-m/crti.o
                0x00004188                _fini
 .fini          0x0000418c        0x8 c:/program files/sloeber/arduinoplugin/packages/arduino/tools/arm-none-eabi-gcc/4.8.3-2014q1/bin/../lib/gcc/arm-none-eabi/4.8.3/armv6-m/crtn.o
 *crtbegin.o(.ctors)
 *crtbegin?.o(.ctors)
 *(EXCLUDE_FILE(*crtend.o *crtend?.o) .ctors)
 *(SORT(.ctors.*))
 *(.ctors)
 *crtbegin.o(.dtors)
 *crtbegin?.o(.dtors)
 *(EXCLUDE_FILE(*crtend.o *crtend?.o) .dtors)
 *(SORT(.dtors.*))
 *(.dtors)
 *(.rodata*)
 .rodata.str1.1
                0x00004194        0x6 .\sloeber.ino.cpp.o
 *fill*         0x0000419a        0x2 
 .rodata.g_APinDescription
                0x0000419c      0x450 C:/Users/Emanuele/Documents/sloeber-workspace/ByPass/Release/arduino.ar(variant.cpp.o)
                0x0000419c                g_APinDescription
 *fill*         0x000045ec        0x4 
 .rodata._ZTV7Serial_
                0x000045f0       0x28 C:/Users/Emanuele/Documents/sloeber-workspace/ByPass/Release/arduino.ar(CDC.cpp.o)
                0x000045f0                vtable for Serial_
 .rodata._ZTV26DoubleBufferedEPOutHandler
                0x00004618       0x18 C:/Users/Emanuele/Documents/sloeber-workspace/ByPass/Release/arduino.ar(USBCore.cpp.o)
                0x00004618                vtable for DoubleBufferedEPOutHandler
 .rodata._ZL19STRING_MANUFACTURER
                0x00004630        0x9 C:/Users/Emanuele/Documents/sloeber-workspace/ByPass/Release/arduino.ar(USBCore.cpp.o)
 *fill*         0x00004639        0x1 
 .rodata._ZL15STRING_LANGUAGE
                0x0000463a        0x4 C:/Users/Emanuele/Documents/sloeber-workspace/ByPass/Release/arduino.ar(USBCore.cpp.o)
 .rodata._ZL21USB_DeviceDescriptorB
                0x0000463e       0x12 C:/Users/Emanuele/Documents/sloeber-workspace/ByPass/Release/arduino.ar(USBCore.cpp.o)
 .rodata._ZL14STRING_PRODUCT
                0x00004650        0xb C:/Users/Emanuele/Documents/sloeber-workspace/ByPass/Release/arduino.ar(USBCore.cpp.o)
 .rodata.str1.1
                0x0000465b       0x11 C:/Users/Emanuele/Documents/sloeber-workspace/ByPass/Release/arduino.ar(Print.cpp.o)
 *fill*         0x0000466c        0x4 
 .rodata._ZTV4Uart
                0x00004670       0x30 C:/Users/Emanuele/Documents/sloeber-workspace/ByPass/Release/arduino.ar(Uart.cpp.o)
                0x00004670                vtable for Uart
 .rodata.str1.1
                0x000046a0        0x2 c:/program files/sloeber/arduinoplugin/packages/arduino/tools/arm-none-eabi-gcc/4.8.3-2014q1/bin/../lib/gcc/arm-none-eabi/4.8.3/../../../../arm-none-eabi/lib/armv6-m\libc_s.a(lib_a-impure.o)
 *(.eh_frame*)
 *fill*         0x000046a2        0x2 
 .eh_frame      0x000046a4        0x0 c:/program files/sloeber/arduinoplugin/packages/arduino/tools/arm-none-eabi-gcc/4.8.3-2014q1/bin/../lib/gcc/arm-none-eabi/4.8.3/armv6-m/crtbegin.o
 .eh_frame      0x000046a4        0x4 c:/program files/sloeber/arduinoplugin/packages/arduino/tools/arm-none-eabi-gcc/4.8.3-2014q1/bin/../lib/gcc/arm-none-eabi/4.8.3/armv6-m/crtend.o

.glue_7         0x000046a8        0x0
 .glue_7        0x00000000        0x0 linker stubs

.glue_7t        0x000046a8        0x0
 .glue_7t       0x00000000        0x0 linker stubs

.vfp11_veneer   0x000046a8        0x0
 .vfp11_veneer  0x00000000        0x0 linker stubs

.v4_bx          0x000046a8        0x0
 .v4_bx         0x00000000        0x0 linker stubs

.iplt           0x000046a8        0x0
 .iplt          0x00000000        0x0 c:/program files/sloeber/arduinoplugin/packages/arduino/tools/arm-none-eabi-gcc/4.8.3-2014q1/bin/../lib/gcc/arm-none-eabi/4.8.3/armv6-m/crtbegin.o

.rel.dyn        0x000046a8        0x0
 .rel.iplt      0x00000000        0x0 c:/program files/sloeber/arduinoplugin/packages/arduino/tools/arm-none-eabi-gcc/4.8.3-2014q1/bin/../lib/gcc/arm-none-eabi/4.8.3/armv6-m/crtbegin.o

.ARM.extab
 *(.ARM.extab* .gnu.linkonce.armextab.*)
                0x000046a8                __exidx_start = .

.ARM.exidx
 *(.ARM.exidx* .gnu.linkonce.armexidx.*)
                0x000046a8                __exidx_end = .
                0x000046a8                __etext = .

.data           0x20000000      0x100 load address 0x000046a8
                0x20000000                __data_start__ = .
 *(vtable)
 *(.data*)
 .data._ZL12_usbLineInfo
                0x20000000        0x8 C:/Users/Emanuele/Documents/sloeber-workspace/ByPass/Release/arduino.ar(CDC.cpp.o)
 .data._ZL10breakValue
                0x20000008        0x4 C:/Users/Emanuele/Documents/sloeber-workspace/ByPass/Release/arduino.ar(CDC.cpp.o)
 .data._ZL13_cdcInterface
                0x2000000c       0x42 C:/Users/Emanuele/Documents/sloeber-workspace/ByPass/Release/arduino.ar(CDC.cpp.o)
 *fill*         0x2000004e        0x2 
 .data._serialPeek
                0x20000050        0x4 C:/Users/Emanuele/Documents/sloeber-workspace/ByPass/Release/arduino.ar(CDC.cpp.o)
                0x20000050                _serialPeek
 .data.EndPoints
                0x20000054       0x28 C:/Users/Emanuele/Documents/sloeber-workspace/ByPass/Release/arduino.ar(USBCore.cpp.o)
                0x20000054                EndPoints
 .data._ZL5ticks
                0x2000007c        0x4 C:/Users/Emanuele/Documents/sloeber-workspace/ByPass/Release/arduino.ar(Reset.cpp.o)
 .data.SystemCoreClock
                0x20000080        0x4 C:/Users/Emanuele/Documents/sloeber-workspace/ByPass/Release/arduino.ar(wiring.c.o)
                0x20000080                SystemCoreClock
 .data.impure_data
                0x20000084       0x60 c:/program files/sloeber/arduinoplugin/packages/arduino/tools/arm-none-eabi-gcc/4.8.3-2014q1/bin/../lib/gcc/arm-none-eabi/4.8.3/../../../../arm-none-eabi/lib/armv6-m\libc_s.a(lib_a-impure.o)
 .data._impure_ptr
                0x200000e4        0x4 c:/program files/sloeber/arduinoplugin/packages/arduino/tools/arm-none-eabi-gcc/4.8.3-2014q1/bin/../lib/gcc/arm-none-eabi/4.8.3/../../../../arm-none-eabi/lib/armv6-m\libc_s.a(lib_a-impure.o)
                0x200000e4                _impure_ptr
                0x200000e8                . = ALIGN (0x4)
                0x200000e8                PROVIDE (__preinit_array_start, .)
 *(.preinit_array)
                0x200000e8                PROVIDE (__preinit_array_end, .)
                0x200000e8                . = ALIGN (0x4)
                0x200000e8                PROVIDE (__init_array_start, .)
 *(SORT(.init_array.*))
 *(.init_array)
 .init_array    0x200000e8        0x4 c:/program files/sloeber/arduinoplugin/packages/arduino/tools/arm-none-eabi-gcc/4.8.3-2014q1/bin/../lib/gcc/arm-none-eabi/4.8.3/armv6-m/crtbegin.o
 .init_array    0x200000ec        0x4 C:/Users/Emanuele/Documents/sloeber-workspace/ByPass/Release/arduino.ar(variant.cpp.o)
 .init_array    0x200000f0        0x4 C:/Users/Emanuele/Documents/sloeber-workspace/ByPass/Release/arduino.ar(CDC.cpp.o)
 .init_array    0x200000f4        0x4 C:/Users/Emanuele/Documents/sloeber-workspace/ByPass/Release/arduino.ar(USBCore.cpp.o)
                0x200000f8                PROVIDE (__init_array_end, .)
                0x200000f8                . = ALIGN (0x4)
                0x200000f8                PROVIDE (__fini_array_start, .)
 *(SORT(.fini_array.*))
 *(.fini_array)
 .fini_array    0x200000f8        0x4 c:/program files/sloeber/arduinoplugin/packages/arduino/tools/arm-none-eabi-gcc/4.8.3-2014q1/bin/../lib/gcc/arm-none-eabi/4.8.3/armv6-m/crtbegin.o
                0x200000fc                PROVIDE (__fini_array_end, .)
 *(.jcr*)
 .jcr           0x200000fc        0x0 c:/program files/sloeber/arduinoplugin/packages/arduino/tools/arm-none-eabi-gcc/4.8.3-2014q1/bin/../lib/gcc/arm-none-eabi/4.8.3/armv6-m/crtbegin.o
 .jcr           0x200000fc        0x4 c:/program files/sloeber/arduinoplugin/packages/arduino/tools/arm-none-eabi-gcc/4.8.3-2014q1/bin/../lib/gcc/arm-none-eabi/4.8.3/armv6-m/crtend.o
                0x20000100                . = ALIGN (0x10)
                0x20000100                __data_end__ = .

.igot.plt       0x20000100        0x0 load address 0x000047a8
 .igot.plt      0x00000000        0x0 c:/program files/sloeber/arduinoplugin/packages/arduino/tools/arm-none-eabi-gcc/4.8.3-2014q1/bin/../lib/gcc/arm-none-eabi/4.8.3/armv6-m/crtbegin.o

.bss            0x20000100      0x7f4 load address 0x000047a8
                0x20000100                . = ALIGN (0x4)
                0x20000100                __bss_start__ = .
 *(.bss*)
 .bss           0x20000100       0x1c c:/program files/sloeber/arduinoplugin/packages/arduino/tools/arm-none-eabi-gcc/4.8.3-2014q1/bin/../lib/gcc/arm-none-eabi/4.8.3/armv6-m/crtbegin.o
 .bss.frame     0x2000011c       0x32 .\sloeber.ino.cpp.o
                0x2000011c                frame
 *fill*         0x2000014e        0x2 
 .bss.cont      0x20000150        0x4 .\sloeber.ino.cpp.o
                0x20000150                cont
 .bss.Serial1   0x20000154       0xc4 C:/Users/Emanuele/Documents/sloeber-workspace/ByPass/Release/arduino.ar(variant.cpp.o)
                0x20000154                Serial1
 .bss.Serial5   0x20000218       0xc4 C:/Users/Emanuele/Documents/sloeber-workspace/ByPass/Release/arduino.ar(variant.cpp.o)
                0x20000218                Serial5
 .bss.sercom3   0x200002dc        0x4 C:/Users/Emanuele/Documents/sloeber-workspace/ByPass/Release/arduino.ar(variant.cpp.o)
                0x200002dc                sercom3
 .bss.sercom0   0x200002e0        0x4 C:/Users/Emanuele/Documents/sloeber-workspace/ByPass/Release/arduino.ar(variant.cpp.o)
                0x200002e0                sercom0
 .bss.sercom1   0x200002e4        0x4 C:/Users/Emanuele/Documents/sloeber-workspace/ByPass/Release/arduino.ar(variant.cpp.o)
                0x200002e4                sercom1
 .bss.sercom2   0x200002e8        0x4 C:/Users/Emanuele/Documents/sloeber-workspace/ByPass/Release/arduino.ar(variant.cpp.o)
                0x200002e8                sercom2
 .bss.sercom4   0x200002ec        0x4 C:/Users/Emanuele/Documents/sloeber-workspace/ByPass/Release/arduino.ar(variant.cpp.o)
                0x200002ec                sercom4
 .bss.sercom5   0x200002f0        0x4 C:/Users/Emanuele/Documents/sloeber-workspace/ByPass/Release/arduino.ar(variant.cpp.o)
                0x200002f0                sercom5
 .bss.Serial    0x200002f4       0x1c C:/Users/Emanuele/Documents/sloeber-workspace/ByPass/Release/arduino.ar(CDC.cpp.o)
                0x200002f4                Serial
 .bss._ZL14isEndpointHalt
                0x20000310        0x1 C:/Users/Emanuele/Documents/sloeber-workspace/ByPass/Release/arduino.ar(USBCore.cpp.o)
 .bss._pack_buffer
                0x20000311      0x100 C:/Users/Emanuele/Documents/sloeber-workspace/ByPass/Release/arduino.ar(USBCore.cpp.o)
                0x20000311                _pack_buffer
 *fill*         0x20000411        0x1 
 .bss._pack_size
                0x20000412        0x2 C:/Users/Emanuele/Documents/sloeber-workspace/ByPass/Release/arduino.ar(USBCore.cpp.o)
                0x20000412                _pack_size
 .bss._ZL20LastTransmitTimedOut
                0x20000414        0x7 C:/Users/Emanuele/Documents/sloeber-workspace/ByPass/Release/arduino.ar(USBCore.cpp.o)
 *fill*         0x2000041b        0x1 
 .bss._ZL22udd_ep_in_cache_buffer
                0x2000041c      0x1c0 C:/Users/Emanuele/Documents/sloeber-workspace/ByPass/Release/arduino.ar(USBCore.cpp.o)
 .bss._ZL10txLEDPulse
                0x200005dc        0x1 C:/Users/Emanuele/Documents/sloeber-workspace/ByPass/Release/arduino.ar(USBCore.cpp.o)
 *fill*         0x200005dd        0x3 
 .bss._ZL23udd_ep_out_cache_buffer
                0x200005e0      0x1c0 C:/Users/Emanuele/Documents/sloeber-workspace/ByPass/Release/arduino.ar(USBCore.cpp.o)
 .bss._ZL10epHandlers
                0x200007a0       0x1c C:/Users/Emanuele/Documents/sloeber-workspace/ByPass/Release/arduino.ar(USBCore.cpp.o)
 .bss._pack_message
                0x200007bc        0x1 C:/Users/Emanuele/Documents/sloeber-workspace/ByPass/Release/arduino.ar(USBCore.cpp.o)
                0x200007bc                _pack_message
 .bss._ZL21isRemoteWakeUpEnabled
                0x200007bd        0x1 C:/Users/Emanuele/Documents/sloeber-workspace/ByPass/Release/arduino.ar(USBCore.cpp.o)
 .bss._dry_run  0x200007be        0x1 C:/Users/Emanuele/Documents/sloeber-workspace/ByPass/Release/arduino.ar(USBCore.cpp.o)
                0x200007be                _dry_run
 .bss.USBDevice
                0x200007bf        0x1 C:/Users/Emanuele/Documents/sloeber-workspace/ByPass/Release/arduino.ar(USBCore.cpp.o)
                0x200007bf                USBDevice
 .bss._usbSetInterface
                0x200007c0        0x4 C:/Users/Emanuele/Documents/sloeber-workspace/ByPass/Release/arduino.ar(USBCore.cpp.o)
                0x200007c0                _usbSetInterface
 .bss._ZL10rxLEDPulse
                0x200007c4        0x1 C:/Users/Emanuele/Documents/sloeber-workspace/ByPass/Release/arduino.ar(USBCore.cpp.o)
 *fill*         0x200007c5        0x3 
 .bss.usbd      0x200007c8      0x104 C:/Users/Emanuele/Documents/sloeber-workspace/ByPass/Release/arduino.ar(USBCore.cpp.o)
                0x200007c8                usbd
 .bss._usbConfiguration
                0x200008cc        0x4 C:/Users/Emanuele/Documents/sloeber-workspace/ByPass/Release/arduino.ar(USBCore.cpp.o)
                0x200008cc                _usbConfiguration
 .bss.usb_isr   0x200008d0        0x4 C:/Users/Emanuele/Documents/sloeber-workspace/ByPass/Release/arduino.ar(cortex_handlers.c.o)
 .bss._ulTickCount
                0x200008d4        0x4 C:/Users/Emanuele/Documents/sloeber-workspace/ByPass/Release/arduino.ar(delay.c.o)
 .bss._ZZ12PluggableUSBvE3obj
                0x200008d8        0x8 C:/Users/Emanuele/Documents/sloeber-workspace/ByPass/Release/arduino.ar(PluggableUSB.cpp.o)
 .bss._ZGVZ12PluggableUSBvE3obj
                0x200008e0        0x4 C:/Users/Emanuele/Documents/sloeber-workspace/ByPass/Release/arduino.ar(PluggableUSB.cpp.o)
 .bss.__malloc_sbrk_start
                0x200008e4        0x4 c:/program files/sloeber/arduinoplugin/packages/arduino/tools/arm-none-eabi-gcc/4.8.3-2014q1/bin/../lib/gcc/arm-none-eabi/4.8.3/../../../../arm-none-eabi/lib/armv6-m\libc_s.a(lib_a-nano-mallocr.o)
                0x200008e4                __malloc_sbrk_start
 .bss.__malloc_free_list
                0x200008e8        0x4 c:/program files/sloeber/arduinoplugin/packages/arduino/tools/arm-none-eabi-gcc/4.8.3-2014q1/bin/../lib/gcc/arm-none-eabi/4.8.3/../../../../arm-none-eabi/lib/armv6-m\libc_s.a(lib_a-nano-mallocr.o)
                0x200008e8                __malloc_free_list
 .bss.heap_end.4243
                0x200008ec        0x4 c:/program files/sloeber/arduinoplugin/packages/arduino/tools/arm-none-eabi-gcc/4.8.3-2014q1/bin/../lib/gcc/arm-none-eabi/4.8.3/../../../../arm-none-eabi/lib/armv6-m\libnosys.a(sbrk.o)
 *(COMMON)
 COMMON         0x200008f0        0x4 c:/program files/sloeber/arduinoplugin/packages/arduino/tools/arm-none-eabi-gcc/4.8.3-2014q1/bin/../lib/gcc/arm-none-eabi/4.8.3/../../../../arm-none-eabi/lib/armv6-m\libc_s.a(lib_a-reent.o)
                0x200008f0                errno
                0x200008f4                . = ALIGN (0x4)
                0x200008f4                __bss_end__ = .

.heap           0x200008f4        0x0
                0x200008f4                __end__ = .
                0x200008f4                PROVIDE (end, .)
 *(.heap*)
                0x200008f4                __HeapLimit = .

.stack_dummy    0x200008f4        0x0
 *(.stack*)
                0x20008000                __StackTop = (ORIGIN (RAM) + 0x8000)
                0x20008000                __StackLimit = (__StackTop - SIZEOF (.stack_dummy))
                0x20008000                PROVIDE (__stack, __StackTop)
                0x20007fff                __ram_end__ = ((ORIGIN (RAM) + 0x8000) - 0x1)
                0x00000001                ASSERT ((__StackLimit >= __HeapLimit), region RAM overflowed with stack)
OUTPUT(C:/Users/Emanuele/Documents/sloeber-workspace/ByPass/Release/ByPass.elf elf32-littlearm)

.ARM.attributes
                0x00000000       0x28
 .ARM.attributes
                0x00000000       0x1e c:/program files/sloeber/arduinoplugin/packages/arduino/tools/arm-none-eabi-gcc/4.8.3-2014q1/bin/../lib/gcc/arm-none-eabi/4.8.3/armv6-m/crti.o
 .ARM.attributes
                0x0000001e       0x2c c:/program files/sloeber/arduinoplugin/packages/arduino/tools/arm-none-eabi-gcc/4.8.3-2014q1/bin/../lib/gcc/arm-none-eabi/4.8.3/armv6-m/crtbegin.o
 .ARM.attributes
                0x0000004a       0x32 .\sloeber.ino.cpp.o
 .ARM.attributes
                0x0000007c       0x32 C:/Users/Emanuele/Documents/sloeber-workspace/ByPass/Release/arduino.ar(variant.cpp.o)
 .ARM.attributes
                0x000000ae       0x32 C:/Users/Emanuele/Documents/sloeber-workspace/ByPass/Release/arduino.ar(CDC.cpp.o)
 .ARM.attributes
                0x000000e0       0x32 C:/Users/Emanuele/Documents/sloeber-workspace/ByPass/Release/arduino.ar(USBCore.cpp.o)
 .ARM.attributes
                0x00000112       0x32 C:/Users/Emanuele/Documents/sloeber-workspace/ByPass/Release/arduino.ar(Print.cpp.o)
 .ARM.attributes
                0x00000144       0x32 C:/Users/Emanuele/Documents/sloeber-workspace/ByPass/Release/arduino.ar(Reset.cpp.o)
 .ARM.attributes
                0x00000176       0x32 C:/Users/Emanuele/Documents/sloeber-workspace/ByPass/Release/arduino.ar(SERCOM.cpp.o)
 .ARM.attributes
                0x000001a8       0x32 C:/Users/Emanuele/Documents/sloeber-workspace/ByPass/Release/arduino.ar(Uart.cpp.o)
 .ARM.attributes
                0x000001da       0x32 C:/Users/Emanuele/Documents/sloeber-workspace/ByPass/Release/arduino.ar(cortex_handlers.c.o)
 .ARM.attributes
                0x0000020c       0x32 C:/Users/Emanuele/Documents/sloeber-workspace/ByPass/Release/arduino.ar(delay.c.o)
 .ARM.attributes
                0x0000023e       0x32 C:/Users/Emanuele/Documents/sloeber-workspace/ByPass/Release/arduino.ar(hooks.c.o)
 .ARM.attributes
                0x00000270       0x32 C:/Users/Emanuele/Documents/sloeber-workspace/ByPass/Release/arduino.ar(main.cpp.o)
 .ARM.attributes
                0x000002a2       0x32 C:/Users/Emanuele/Documents/sloeber-workspace/ByPass/Release/arduino.ar(new.cpp.o)
 .ARM.attributes
                0x000002d4       0x32 C:/Users/Emanuele/Documents/sloeber-workspace/ByPass/Release/arduino.ar(startup.c.o)
 .ARM.attributes
                0x00000306       0x32 C:/Users/Emanuele/Documents/sloeber-workspace/ByPass/Release/arduino.ar(wiring.c.o)
 .ARM.attributes
                0x00000338       0x32 C:/Users/Emanuele/Documents/sloeber-workspace/ByPass/Release/arduino.ar(wiring_analog.c.o)
 .ARM.attributes
                0x0000036a       0x32 C:/Users/Emanuele/Documents/sloeber-workspace/ByPass/Release/arduino.ar(wiring_digital.c.o)
 .ARM.attributes
                0x0000039c       0x32 C:/Users/Emanuele/Documents/sloeber-workspace/ByPass/Release/arduino.ar(wiring_private.c.o)
 .ARM.attributes
                0x000003ce       0x32 C:/Users/Emanuele/Documents/sloeber-workspace/ByPass/Release/arduino.ar(PluggableUSB.cpp.o)
 .ARM.attributes
                0x00000400       0x32 C:/Users/Emanuele/Documents/sloeber-workspace/ByPass/Release/arduino.ar(RingBuffer.cpp.o)
 .ARM.attributes
                0x00000432       0x1e c:/program files/sloeber/arduinoplugin/packages/arduino/tools/arm-none-eabi-gcc/4.8.3-2014q1/bin/../lib/gcc/arm-none-eabi/4.8.3/armv6-m\libgcc.a(_thumb1_case_uqi.o)
 .ARM.attributes
                0x00000450       0x1e c:/program files/sloeber/arduinoplugin/packages/arduino/tools/arm-none-eabi-gcc/4.8.3-2014q1/bin/../lib/gcc/arm-none-eabi/4.8.3/armv6-m\libgcc.a(_udivsi3.o)
 .ARM.attributes
                0x0000046e       0x1e c:/program files/sloeber/arduinoplugin/packages/arduino/tools/arm-none-eabi-gcc/4.8.3-2014q1/bin/../lib/gcc/arm-none-eabi/4.8.3/armv6-m\libgcc.a(_dvmd_tls.o)
 .ARM.attributes
                0x0000048c       0x2c c:/program files/sloeber/arduinoplugin/packages/arduino/tools/arm-none-eabi-gcc/4.8.3-2014q1/bin/../lib/gcc/arm-none-eabi/4.8.3/../../../../arm-none-eabi/lib/armv6-m\libc_s.a(lib_a-impure.o)
 .ARM.attributes
                0x000004b8       0x2c c:/program files/sloeber/arduinoplugin/packages/arduino/tools/arm-none-eabi-gcc/4.8.3-2014q1/bin/../lib/gcc/arm-none-eabi/4.8.3/../../../../arm-none-eabi/lib/armv6-m\libc_s.a(lib_a-init.o)
 .ARM.attributes
                0x000004e4       0x2c c:/program files/sloeber/arduinoplugin/packages/arduino/tools/arm-none-eabi-gcc/4.8.3-2014q1/bin/../lib/gcc/arm-none-eabi/4.8.3/../../../../arm-none-eabi/lib/armv6-m\libc_s.a(lib_a-malloc.o)
 .ARM.attributes
                0x00000510       0x2c c:/program files/sloeber/arduinoplugin/packages/arduino/tools/arm-none-eabi-gcc/4.8.3-2014q1/bin/../lib/gcc/arm-none-eabi/4.8.3/../../../../arm-none-eabi/lib/armv6-m\libc_s.a(lib_a-memcpy-stub.o)
 .ARM.attributes
                0x0000053c       0x2c c:/program files/sloeber/arduinoplugin/packages/arduino/tools/arm-none-eabi-gcc/4.8.3-2014q1/bin/../lib/gcc/arm-none-eabi/4.8.3/../../../../arm-none-eabi/lib/armv6-m\libc_s.a(lib_a-memset.o)
 .ARM.attributes
                0x00000568       0x2c c:/program files/sloeber/arduinoplugin/packages/arduino/tools/arm-none-eabi-gcc/4.8.3-2014q1/bin/../lib/gcc/arm-none-eabi/4.8.3/../../../../arm-none-eabi/lib/armv6-m\libc_s.a(lib_a-nano-mallocr.o)
 .ARM.attributes
                0x00000594       0x2c c:/program files/sloeber/arduinoplugin/packages/arduino/tools/arm-none-eabi-gcc/4.8.3-2014q1/bin/../lib/gcc/arm-none-eabi/4.8.3/../../../../arm-none-eabi/lib/armv6-m\libc_s.a(lib_a-sbrkr.o)
 .ARM.attributes
                0x000005c0       0x2c c:/program files/sloeber/arduinoplugin/packages/arduino/tools/arm-none-eabi-gcc/4.8.3-2014q1/bin/../lib/gcc/arm-none-eabi/4.8.3/../../../../arm-none-eabi/lib/armv6-m\libc_s.a(lib_a-strlen.o)
 .ARM.attributes
                0x000005ec       0x2c c:/program files/sloeber/arduinoplugin/packages/arduino/tools/arm-none-eabi-gcc/4.8.3-2014q1/bin/../lib/gcc/arm-none-eabi/4.8.3/../../../../arm-none-eabi/lib/armv6-m\libc_s.a(lib_a-reent.o)
 .ARM.attributes
                0x00000618       0x2c c:/program files/sloeber/arduinoplugin/packages/arduino/tools/arm-none-eabi-gcc/4.8.3-2014q1/bin/../lib/gcc/arm-none-eabi/4.8.3/../../../../arm-none-eabi/lib/armv6-m\libnosys.a(sbrk.o)
 .ARM.attributes
                0x00000644       0x2c c:/program files/sloeber/arduinoplugin/packages/arduino/tools/arm-none-eabi-gcc/4.8.3-2014q1/bin/../lib/gcc/arm-none-eabi/4.8.3/armv6-m/crtend.o
 .ARM.attributes
                0x00000670       0x1e c:/program files/sloeber/arduinoplugin/packages/arduino/tools/arm-none-eabi-gcc/4.8.3-2014q1/bin/../lib/gcc/arm-none-eabi/4.8.3/armv6-m/crtn.o

.comment        0x00000000       0x70
 .comment       0x00000000       0x70 .\sloeber.ino.cpp.o
                                 0x71 (size before relaxing)
 .comment       0x00000000       0x71 C:/Users/Emanuele/Documents/sloeber-workspace/ByPass/Release/arduino.ar(variant.cpp.o)
 .comment       0x00000000       0x71 C:/Users/Emanuele/Documents/sloeber-workspace/ByPass/Release/arduino.ar(CDC.cpp.o)
 .comment       0x00000000       0x71 C:/Users/Emanuele/Documents/sloeber-workspace/ByPass/Release/arduino.ar(USBCore.cpp.o)
 .comment       0x00000000       0x71 C:/Users/Emanuele/Documents/sloeber-workspace/ByPass/Release/arduino.ar(Print.cpp.o)
 .comment       0x00000000       0x71 C:/Users/Emanuele/Documents/sloeber-workspace/ByPass/Release/arduino.ar(Reset.cpp.o)
 .comment       0x00000000       0x71 C:/Users/Emanuele/Documents/sloeber-workspace/ByPass/Release/arduino.ar(SERCOM.cpp.o)
 .comment       0x00000000       0x71 C:/Users/Emanuele/Documents/sloeber-workspace/ByPass/Release/arduino.ar(Uart.cpp.o)
 .comment       0x00000000       0x71 C:/Users/Emanuele/Documents/sloeber-workspace/ByPass/Release/arduino.ar(cortex_handlers.c.o)
 .comment       0x00000000       0x71 C:/Users/Emanuele/Documents/sloeber-workspace/ByPass/Release/arduino.ar(delay.c.o)
 .comment       0x00000000       0x71 C:/Users/Emanuele/Documents/sloeber-workspace/ByPass/Release/arduino.ar(hooks.c.o)
 .comment       0x00000000       0x71 C:/Users/Emanuele/Documents/sloeber-workspace/ByPass/Release/arduino.ar(main.cpp.o)
 .comment       0x00000000       0x71 C:/Users/Emanuele/Documents/sloeber-workspace/ByPass/Release/arduino.ar(new.cpp.o)
 .comment       0x00000000       0x71 C:/Users/Emanuele/Documents/sloeber-workspace/ByPass/Release/arduino.ar(startup.c.o)
 .comment       0x00000000       0x71 C:/Users/Emanuele/Documents/sloeber-workspace/ByPass/Release/arduino.ar(wiring.c.o)
 .comment       0x00000000       0x71 C:/Users/Emanuele/Documents/sloeber-workspace/ByPass/Release/arduino.ar(wiring_analog.c.o)
 .comment       0x00000000       0x71 C:/Users/Emanuele/Documents/sloeber-workspace/ByPass/Release/arduino.ar(wiring_digital.c.o)
 .comment       0x00000000       0x71 C:/Users/Emanuele/Documents/sloeber-workspace/ByPass/Release/arduino.ar(wiring_private.c.o)
 .comment       0x00000000       0x71 C:/Users/Emanuele/Documents/sloeber-workspace/ByPass/Release/arduino.ar(PluggableUSB.cpp.o)
 .comment       0x00000000       0x71 C:/Users/Emanuele/Documents/sloeber-workspace/ByPass/Release/arduino.ar(RingBuffer.cpp.o)

.debug_info     0x00000000    0x27474
 .debug_info    0x00000000      0x610 .\sloeber.ino.cpp.o
 .debug_info    0x00000610     0x54f9 C:/Users/Emanuele/Documents/sloeber-workspace/ByPass/Release/arduino.ar(variant.cpp.o)
 .debug_info    0x00005b09     0x2c0b C:/Users/Emanuele/Documents/sloeber-workspace/ByPass/Release/arduino.ar(CDC.cpp.o)
 .debug_info    0x00008714     0x7bec C:/Users/Emanuele/Documents/sloeber-workspace/ByPass/Release/arduino.ar(USBCore.cpp.o)
 .debug_info    0x00010300     0x2703 C:/Users/Emanuele/Documents/sloeber-workspace/ByPass/Release/arduino.ar(Print.cpp.o)
 .debug_info    0x00012a03      0x85c C:/Users/Emanuele/Documents/sloeber-workspace/ByPass/Release/arduino.ar(Reset.cpp.o)
 .debug_info    0x0001325f     0x3a1b C:/Users/Emanuele/Documents/sloeber-workspace/ByPass/Release/arduino.ar(SERCOM.cpp.o)
 .debug_info    0x00016c7a     0x485a C:/Users/Emanuele/Documents/sloeber-workspace/ByPass/Release/arduino.ar(Uart.cpp.o)
 .debug_info    0x0001b4d4      0x4ec C:/Users/Emanuele/Documents/sloeber-workspace/ByPass/Release/arduino.ar(cortex_handlers.c.o)
 .debug_info    0x0001b9c0      0x378 C:/Users/Emanuele/Documents/sloeber-workspace/ByPass/Release/arduino.ar(delay.c.o)
 .debug_info    0x0001bd38       0x60 C:/Users/Emanuele/Documents/sloeber-workspace/ByPass/Release/arduino.ar(hooks.c.o)
 .debug_info    0x0001bd98      0x7d8 C:/Users/Emanuele/Documents/sloeber-workspace/ByPass/Release/arduino.ar(main.cpp.o)
 .debug_info    0x0001c570      0x1a1 C:/Users/Emanuele/Documents/sloeber-workspace/ByPass/Release/arduino.ar(new.cpp.o)
 .debug_info    0x0001c711     0x2915 C:/Users/Emanuele/Documents/sloeber-workspace/ByPass/Release/arduino.ar(startup.c.o)
 .debug_info    0x0001f026     0x1df2 C:/Users/Emanuele/Documents/sloeber-workspace/ByPass/Release/arduino.ar(wiring.c.o)
 .debug_info    0x00020e18     0x43b1 C:/Users/Emanuele/Documents/sloeber-workspace/ByPass/Release/arduino.ar(wiring_analog.c.o)
 .debug_info    0x000251c9      0xba5 C:/Users/Emanuele/Documents/sloeber-workspace/ByPass/Release/arduino.ar(wiring_digital.c.o)
 .debug_info    0x00025d6e      0xb8e C:/Users/Emanuele/Documents/sloeber-workspace/ByPass/Release/arduino.ar(wiring_private.c.o)
 .debug_info    0x000268fc      0x6f0 C:/Users/Emanuele/Documents/sloeber-workspace/ByPass/Release/arduino.ar(PluggableUSB.cpp.o)
 .debug_info    0x00026fec      0x488 C:/Users/Emanuele/Documents/sloeber-workspace/ByPass/Release/arduino.ar(RingBuffer.cpp.o)

.debug_abbrev   0x00000000     0x3ad5
 .debug_abbrev  0x00000000      0x1f4 .\sloeber.ino.cpp.o
 .debug_abbrev  0x000001f4      0x32b C:/Users/Emanuele/Documents/sloeber-workspace/ByPass/Release/arduino.ar(variant.cpp.o)
 .debug_abbrev  0x0000051f      0x61c C:/Users/Emanuele/Documents/sloeber-workspace/ByPass/Release/arduino.ar(CDC.cpp.o)
 .debug_abbrev  0x00000b3b      0x8aa C:/Users/Emanuele/Documents/sloeber-workspace/ByPass/Release/arduino.ar(USBCore.cpp.o)
 .debug_abbrev  0x000013e5      0x476 C:/Users/Emanuele/Documents/sloeber-workspace/ByPass/Release/arduino.ar(Print.cpp.o)
 .debug_abbrev  0x0000185b      0x264 C:/Users/Emanuele/Documents/sloeber-workspace/ByPass/Release/arduino.ar(Reset.cpp.o)
 .debug_abbrev  0x00001abf      0x48d C:/Users/Emanuele/Documents/sloeber-workspace/ByPass/Release/arduino.ar(SERCOM.cpp.o)
 .debug_abbrev  0x00001f4c      0x500 C:/Users/Emanuele/Documents/sloeber-workspace/ByPass/Release/arduino.ar(Uart.cpp.o)
 .debug_abbrev  0x0000244c      0x159 C:/Users/Emanuele/Documents/sloeber-workspace/ByPass/Release/arduino.ar(cortex_handlers.c.o)
 .debug_abbrev  0x000025a5      0x158 C:/Users/Emanuele/Documents/sloeber-workspace/ByPass/Release/arduino.ar(delay.c.o)
 .debug_abbrev  0x000026fd       0x47 C:/Users/Emanuele/Documents/sloeber-workspace/ByPass/Release/arduino.ar(hooks.c.o)
 .debug_abbrev  0x00002744      0x216 C:/Users/Emanuele/Documents/sloeber-workspace/ByPass/Release/arduino.ar(main.cpp.o)
 .debug_abbrev  0x0000295a       0xd7 C:/Users/Emanuele/Documents/sloeber-workspace/ByPass/Release/arduino.ar(new.cpp.o)
 .debug_abbrev  0x00002a31      0x17a C:/Users/Emanuele/Documents/sloeber-workspace/ByPass/Release/arduino.ar(startup.c.o)
 .debug_abbrev  0x00002bab      0x281 C:/Users/Emanuele/Documents/sloeber-workspace/ByPass/Release/arduino.ar(wiring.c.o)
 .debug_abbrev  0x00002e2c      0x38f C:/Users/Emanuele/Documents/sloeber-workspace/ByPass/Release/arduino.ar(wiring_analog.c.o)
 .debug_abbrev  0x000031bb      0x201 C:/Users/Emanuele/Documents/sloeber-workspace/ByPass/Release/arduino.ar(wiring_digital.c.o)
 .debug_abbrev  0x000033bc      0x21b C:/Users/Emanuele/Documents/sloeber-workspace/ByPass/Release/arduino.ar(wiring_private.c.o)
 .debug_abbrev  0x000035d7      0x2f1 C:/Users/Emanuele/Documents/sloeber-workspace/ByPass/Release/arduino.ar(PluggableUSB.cpp.o)
 .debug_abbrev  0x000038c8      0x20d C:/Users/Emanuele/Documents/sloeber-workspace/ByPass/Release/arduino.ar(RingBuffer.cpp.o)

.debug_loc      0x00000000     0x5a91
 .debug_loc     0x00000000       0x26 .\sloeber.ino.cpp.o
 .debug_loc     0x00000026      0x544 C:/Users/Emanuele/Documents/sloeber-workspace/ByPass/Release/arduino.ar(CDC.cpp.o)
 .debug_loc     0x0000056a     0x2399 C:/Users/Emanuele/Documents/sloeber-workspace/ByPass/Release/arduino.ar(USBCore.cpp.o)
 .debug_loc     0x00002903     0x115f C:/Users/Emanuele/Documents/sloeber-workspace/ByPass/Release/arduino.ar(Print.cpp.o)
 .debug_loc     0x00003a62      0xa76 C:/Users/Emanuele/Documents/sloeber-workspace/ByPass/Release/arduino.ar(SERCOM.cpp.o)
 .debug_loc     0x000044d8      0x42a C:/Users/Emanuele/Documents/sloeber-workspace/ByPass/Release/arduino.ar(Uart.cpp.o)
 .debug_loc     0x00004902       0x7b C:/Users/Emanuele/Documents/sloeber-workspace/ByPass/Release/arduino.ar(cortex_handlers.c.o)
 .debug_loc     0x0000497d       0xf4 C:/Users/Emanuele/Documents/sloeber-workspace/ByPass/Release/arduino.ar(delay.c.o)
 .debug_loc     0x00004a71       0x84 C:/Users/Emanuele/Documents/sloeber-workspace/ByPass/Release/arduino.ar(new.cpp.o)
 .debug_loc     0x00004af5       0x58 C:/Users/Emanuele/Documents/sloeber-workspace/ByPass/Release/arduino.ar(startup.c.o)
 .debug_loc     0x00004b4d       0xe9 C:/Users/Emanuele/Documents/sloeber-workspace/ByPass/Release/arduino.ar(wiring.c.o)
 .debug_loc     0x00004c36      0x64b C:/Users/Emanuele/Documents/sloeber-workspace/ByPass/Release/arduino.ar(wiring_analog.c.o)
 .debug_loc     0x00005281      0x19f C:/Users/Emanuele/Documents/sloeber-workspace/ByPass/Release/arduino.ar(wiring_digital.c.o)
 .debug_loc     0x00005420      0x123 C:/Users/Emanuele/Documents/sloeber-workspace/ByPass/Release/arduino.ar(wiring_private.c.o)
 .debug_loc     0x00005543      0x258 C:/Users/Emanuele/Documents/sloeber-workspace/ByPass/Release/arduino.ar(PluggableUSB.cpp.o)
 .debug_loc     0x0000579b      0x2f6 C:/Users/Emanuele/Documents/sloeber-workspace/ByPass/Release/arduino.ar(RingBuffer.cpp.o)

.debug_aranges  0x00000000      0x8a0
 .debug_aranges
                0x00000000       0x28 .\sloeber.ino.cpp.o
 .debug_aranges
                0x00000028       0x30 C:/Users/Emanuele/Documents/sloeber-workspace/ByPass/Release/arduino.ar(variant.cpp.o)
 .debug_aranges
                0x00000058       0xd8 C:/Users/Emanuele/Documents/sloeber-workspace/ByPass/Release/arduino.ar(CDC.cpp.o)
 .debug_aranges
                0x00000130      0x168 C:/Users/Emanuele/Documents/sloeber-workspace/ByPass/Release/arduino.ar(USBCore.cpp.o)
 .debug_aranges
                0x00000298       0xf8 C:/Users/Emanuele/Documents/sloeber-workspace/ByPass/Release/arduino.ar(Print.cpp.o)
 .debug_aranges
                0x00000390       0x30 C:/Users/Emanuele/Documents/sloeber-workspace/ByPass/Release/arduino.ar(Reset.cpp.o)
 .debug_aranges
                0x000003c0      0x1c8 C:/Users/Emanuele/Documents/sloeber-workspace/ByPass/Release/arduino.ar(SERCOM.cpp.o)
 .debug_aranges
                0x00000588       0x90 C:/Users/Emanuele/Documents/sloeber-workspace/ByPass/Release/arduino.ar(Uart.cpp.o)
 .debug_aranges
                0x00000618       0x40 C:/Users/Emanuele/Documents/sloeber-workspace/ByPass/Release/arduino.ar(cortex_handlers.c.o)
 .debug_aranges
                0x00000658       0x38 C:/Users/Emanuele/Documents/sloeber-workspace/ByPass/Release/arduino.ar(delay.c.o)
 .debug_aranges
                0x00000690       0x30 C:/Users/Emanuele/Documents/sloeber-workspace/ByPass/Release/arduino.ar(hooks.c.o)
 .debug_aranges
                0x000006c0       0x28 C:/Users/Emanuele/Documents/sloeber-workspace/ByPass/Release/arduino.ar(main.cpp.o)
 .debug_aranges
                0x000006e8       0x38 C:/Users/Emanuele/Documents/sloeber-workspace/ByPass/Release/arduino.ar(new.cpp.o)
 .debug_aranges
                0x00000720       0x20 C:/Users/Emanuele/Documents/sloeber-workspace/ByPass/Release/arduino.ar(startup.c.o)
 .debug_aranges
                0x00000740       0x20 C:/Users/Emanuele/Documents/sloeber-workspace/ByPass/Release/arduino.ar(wiring.c.o)
 .debug_aranges
                0x00000760       0x48 C:/Users/Emanuele/Documents/sloeber-workspace/ByPass/Release/arduino.ar(wiring_analog.c.o)
 .debug_aranges
                0x000007a8       0x30 C:/Users/Emanuele/Documents/sloeber-workspace/ByPass/Release/arduino.ar(wiring_digital.c.o)
 .debug_aranges
                0x000007d8       0x20 C:/Users/Emanuele/Documents/sloeber-workspace/ByPass/Release/arduino.ar(wiring_private.c.o)
 .debug_aranges
                0x000007f8       0x50 C:/Users/Emanuele/Documents/sloeber-workspace/ByPass/Release/arduino.ar(PluggableUSB.cpp.o)
 .debug_aranges
                0x00000848       0x58 C:/Users/Emanuele/Documents/sloeber-workspace/ByPass/Release/arduino.ar(RingBuffer.cpp.o)

.debug_ranges   0x00000000     0x11b0
 .debug_ranges  0x00000000       0x18 .\sloeber.ino.cpp.o
 .debug_ranges  0x00000018       0x20 C:/Users/Emanuele/Documents/sloeber-workspace/ByPass/Release/arduino.ar(variant.cpp.o)
 .debug_ranges  0x00000038      0x120 C:/Users/Emanuele/Documents/sloeber-workspace/ByPass/Release/arduino.ar(CDC.cpp.o)
 .debug_ranges  0x00000158      0x7e0 C:/Users/Emanuele/Documents/sloeber-workspace/ByPass/Release/arduino.ar(USBCore.cpp.o)
 .debug_ranges  0x00000938      0x280 C:/Users/Emanuele/Documents/sloeber-workspace/ByPass/Release/arduino.ar(Print.cpp.o)
 .debug_ranges  0x00000bb8       0x38 C:/Users/Emanuele/Documents/sloeber-workspace/ByPass/Release/arduino.ar(Reset.cpp.o)
 .debug_ranges  0x00000bf0      0x288 C:/Users/Emanuele/Documents/sloeber-workspace/ByPass/Release/arduino.ar(SERCOM.cpp.o)
 .debug_ranges  0x00000e78       0x80 C:/Users/Emanuele/Documents/sloeber-workspace/ByPass/Release/arduino.ar(Uart.cpp.o)
 .debug_ranges  0x00000ef8       0x30 C:/Users/Emanuele/Documents/sloeber-workspace/ByPass/Release/arduino.ar(cortex_handlers.c.o)
 .debug_ranges  0x00000f28       0x28 C:/Users/Emanuele/Documents/sloeber-workspace/ByPass/Release/arduino.ar(delay.c.o)
 .debug_ranges  0x00000f50       0x20 C:/Users/Emanuele/Documents/sloeber-workspace/ByPass/Release/arduino.ar(hooks.c.o)
 .debug_ranges  0x00000f70       0x18 C:/Users/Emanuele/Documents/sloeber-workspace/ByPass/Release/arduino.ar(main.cpp.o)
 .debug_ranges  0x00000f88       0x28 C:/Users/Emanuele/Documents/sloeber-workspace/ByPass/Release/arduino.ar(new.cpp.o)
 .debug_ranges  0x00000fb0       0x10 C:/Users/Emanuele/Documents/sloeber-workspace/ByPass/Release/arduino.ar(startup.c.o)
 .debug_ranges  0x00000fc0       0x28 C:/Users/Emanuele/Documents/sloeber-workspace/ByPass/Release/arduino.ar(wiring.c.o)
 .debug_ranges  0x00000fe8       0x38 C:/Users/Emanuele/Documents/sloeber-workspace/ByPass/Release/arduino.ar(wiring_analog.c.o)
 .debug_ranges  0x00001020       0x20 C:/Users/Emanuele/Documents/sloeber-workspace/ByPass/Release/arduino.ar(wiring_digital.c.o)
 .debug_ranges  0x00001040       0x28 C:/Users/Emanuele/Documents/sloeber-workspace/ByPass/Release/arduino.ar(wiring_private.c.o)
 .debug_ranges  0x00001068       0xd0 C:/Users/Emanuele/Documents/sloeber-workspace/ByPass/Release/arduino.ar(PluggableUSB.cpp.o)
 .debug_ranges  0x00001138       0x78 C:/Users/Emanuele/Documents/sloeber-workspace/ByPass/Release/arduino.ar(RingBuffer.cpp.o)

.debug_line     0x00000000     0x59cd
 .debug_line    0x00000000      0x3b0 .\sloeber.ino.cpp.o
 .debug_line    0x000003b0      0x312 C:/Users/Emanuele/Documents/sloeber-workspace/ByPass/Release/arduino.ar(variant.cpp.o)
 .debug_line    0x000006c2      0x638 C:/Users/Emanuele/Documents/sloeber-workspace/ByPass/Release/arduino.ar(CDC.cpp.o)
 .debug_line    0x00000cfa      0xece C:/Users/Emanuele/Documents/sloeber-workspace/ByPass/Release/arduino.ar(USBCore.cpp.o)
 .debug_line    0x00001bc8      0x667 C:/Users/Emanuele/Documents/sloeber-workspace/ByPass/Release/arduino.ar(Print.cpp.o)
 .debug_line    0x0000222f      0x388 C:/Users/Emanuele/Documents/sloeber-workspace/ByPass/Release/arduino.ar(Reset.cpp.o)
 .debug_line    0x000025b7      0x974 C:/Users/Emanuele/Documents/sloeber-workspace/ByPass/Release/arduino.ar(SERCOM.cpp.o)
 .debug_line    0x00002f2b      0x56c C:/Users/Emanuele/Documents/sloeber-workspace/ByPass/Release/arduino.ar(Uart.cpp.o)
 .debug_line    0x00003497      0x31f C:/Users/Emanuele/Documents/sloeber-workspace/ByPass/Release/arduino.ar(cortex_handlers.c.o)
 .debug_line    0x000037b6      0x316 C:/Users/Emanuele/Documents/sloeber-workspace/ByPass/Release/arduino.ar(delay.c.o)
 .debug_line    0x00003acc       0xb3 C:/Users/Emanuele/Documents/sloeber-workspace/ByPass/Release/arduino.ar(hooks.c.o)
 .debug_line    0x00003b7f      0x2e0 C:/Users/Emanuele/Documents/sloeber-workspace/ByPass/Release/arduino.ar(main.cpp.o)
 .debug_line    0x00003e5f      0x1d4 C:/Users/Emanuele/Documents/sloeber-workspace/ByPass/Release/arduino.ar(new.cpp.o)
 .debug_line    0x00004033      0x3e5 C:/Users/Emanuele/Documents/sloeber-workspace/ByPass/Release/arduino.ar(startup.c.o)
 .debug_line    0x00004418      0x424 C:/Users/Emanuele/Documents/sloeber-workspace/ByPass/Release/arduino.ar(wiring.c.o)
 .debug_line    0x0000483c      0x524 C:/Users/Emanuele/Documents/sloeber-workspace/ByPass/Release/arduino.ar(wiring_analog.c.o)
 .debug_line    0x00004d60      0x37c C:/Users/Emanuele/Documents/sloeber-workspace/ByPass/Release/arduino.ar(wiring_digital.c.o)
 .debug_line    0x000050dc      0x37f C:/Users/Emanuele/Documents/sloeber-workspace/ByPass/Release/arduino.ar(wiring_private.c.o)
 .debug_line    0x0000545b      0x30f C:/Users/Emanuele/Documents/sloeber-workspace/ByPass/Release/arduino.ar(PluggableUSB.cpp.o)
 .debug_line    0x0000576a      0x263 C:/Users/Emanuele/Documents/sloeber-workspace/ByPass/Release/arduino.ar(RingBuffer.cpp.o)

.debug_str      0x00000000     0x85eb
 .debug_str     0x00000000      0x347 .\sloeber.ino.cpp.o
                                0x3aa (size before relaxing)
 .debug_str     0x00000347     0x2344 C:/Users/Emanuele/Documents/sloeber-workspace/ByPass/Release/arduino.ar(variant.cpp.o)
                               0x2ec5 (size before relaxing)
 .debug_str     0x0000268b     0x19d7 C:/Users/Emanuele/Documents/sloeber-workspace/ByPass/Release/arduino.ar(CDC.cpp.o)
                               0x1e67 (size before relaxing)
 .debug_str     0x00004062     0x2989 C:/Users/Emanuele/Documents/sloeber-workspace/ByPass/Release/arduino.ar(USBCore.cpp.o)
                               0x3b83 (size before relaxing)
 .debug_str     0x000069eb      0x38c C:/Users/Emanuele/Documents/sloeber-workspace/ByPass/Release/arduino.ar(Print.cpp.o)
                                0xfe7 (size before relaxing)
 .debug_str     0x00006d77      0x1d9 C:/Users/Emanuele/Documents/sloeber-workspace/ByPass/Release/arduino.ar(Reset.cpp.o)
                                0x5e7 (size before relaxing)
 .debug_str     0x00006f50      0x1c4 C:/Users/Emanuele/Documents/sloeber-workspace/ByPass/Release/arduino.ar(SERCOM.cpp.o)
                               0x2215 (size before relaxing)
 .debug_str     0x00007114      0x1e4 C:/Users/Emanuele/Documents/sloeber-workspace/ByPass/Release/arduino.ar(Uart.cpp.o)
                               0x3371 (size before relaxing)
 .debug_str     0x000072f8      0x4b3 C:/Users/Emanuele/Documents/sloeber-workspace/ByPass/Release/arduino.ar(cortex_handlers.c.o)
                                0x612 (size before relaxing)
 .debug_str     0x000077ab       0xb6 C:/Users/Emanuele/Documents/sloeber-workspace/ByPass/Release/arduino.ar(delay.c.o)
                                0x2c8 (size before relaxing)
 .debug_str     0x00007861       0x7b C:/Users/Emanuele/Documents/sloeber-workspace/ByPass/Release/arduino.ar(hooks.c.o)
                                0x13a (size before relaxing)
 .debug_str     0x000078dc       0xb7 C:/Users/Emanuele/Documents/sloeber-workspace/ByPass/Release/arduino.ar(main.cpp.o)
                                0x98a (size before relaxing)
 .debug_str     0x00007993       0xb0 C:/Users/Emanuele/Documents/sloeber-workspace/ByPass/Release/arduino.ar(new.cpp.o)
                                0x27b (size before relaxing)
 .debug_str     0x00007a43      0x67d C:/Users/Emanuele/Documents/sloeber-workspace/ByPass/Release/arduino.ar(startup.c.o)
                                0xd5f (size before relaxing)
 .debug_str     0x000080c0      0x1a8 C:/Users/Emanuele/Documents/sloeber-workspace/ByPass/Release/arduino.ar(wiring.c.o)
                                0xbeb (size before relaxing)
 .debug_str     0x00008268      0x15a C:/Users/Emanuele/Documents/sloeber-workspace/ByPass/Release/arduino.ar(wiring_analog.c.o)
                               0x15fa (size before relaxing)
 .debug_str     0x000083c2       0x93 C:/Users/Emanuele/Documents/sloeber-workspace/ByPass/Release/arduino.ar(wiring_digital.c.o)
                                0x976 (size before relaxing)
 .debug_str     0x00008455       0x7f C:/Users/Emanuele/Documents/sloeber-workspace/ByPass/Release/arduino.ar(wiring_private.c.o)
                                0x9a0 (size before relaxing)
 .debug_str     0x000084d4       0x98 C:/Users/Emanuele/Documents/sloeber-workspace/ByPass/Release/arduino.ar(PluggableUSB.cpp.o)
                                0x601 (size before relaxing)
 .debug_str     0x0000856c       0x7f C:/Users/Emanuele/Documents/sloeber-workspace/ByPass/Release/arduino.ar(RingBuffer.cpp.o)
                                0x386 (size before relaxing)

.debug_frame    0x00000000     0x1648
 .debug_frame   0x00000000       0x4c .\sloeber.ino.cpp.o
 .debug_frame   0x0000004c       0x64 C:/Users/Emanuele/Documents/sloeber-workspace/ByPass/Release/arduino.ar(variant.cpp.o)
 .debug_frame   0x000000b0      0x1f4 C:/Users/Emanuele/Documents/sloeber-workspace/ByPass/Release/arduino.ar(CDC.cpp.o)
 .debug_frame   0x000002a4      0x43c C:/Users/Emanuele/Documents/sloeber-workspace/ByPass/Release/arduino.ar(USBCore.cpp.o)
 .debug_frame   0x000006e0      0x310 C:/Users/Emanuele/Documents/sloeber-workspace/ByPass/Release/arduino.ar(Print.cpp.o)
 .debug_frame   0x000009f0       0x40 C:/Users/Emanuele/Documents/sloeber-workspace/ByPass/Release/arduino.ar(Reset.cpp.o)
 .debug_frame   0x00000a30      0x428 C:/Users/Emanuele/Documents/sloeber-workspace/ByPass/Release/arduino.ar(SERCOM.cpp.o)
 .debug_frame   0x00000e58      0x16c C:/Users/Emanuele/Documents/sloeber-workspace/ByPass/Release/arduino.ar(Uart.cpp.o)
 .debug_frame   0x00000fc4       0x7c C:/Users/Emanuele/Documents/sloeber-workspace/ByPass/Release/arduino.ar(cortex_handlers.c.o)
 .debug_frame   0x00001040       0x78 C:/Users/Emanuele/Documents/sloeber-workspace/ByPass/Release/arduino.ar(delay.c.o)
 .debug_frame   0x000010b8       0x40 C:/Users/Emanuele/Documents/sloeber-workspace/ByPass/Release/arduino.ar(hooks.c.o)
 .debug_frame   0x000010f8       0x38 C:/Users/Emanuele/Documents/sloeber-workspace/ByPass/Release/arduino.ar(main.cpp.o)
 .debug_frame   0x00001130       0x70 C:/Users/Emanuele/Documents/sloeber-workspace/ByPass/Release/arduino.ar(new.cpp.o)
 .debug_frame   0x000011a0       0x2c C:/Users/Emanuele/Documents/sloeber-workspace/ByPass/Release/arduino.ar(startup.c.o)
 .debug_frame   0x000011cc       0x28 C:/Users/Emanuele/Documents/sloeber-workspace/ByPass/Release/arduino.ar(wiring.c.o)
 .debug_frame   0x000011f4       0x90 C:/Users/Emanuele/Documents/sloeber-workspace/ByPass/Release/arduino.ar(wiring_analog.c.o)
 .debug_frame   0x00001284       0x58 C:/Users/Emanuele/Documents/sloeber-workspace/ByPass/Release/arduino.ar(wiring_digital.c.o)
 .debug_frame   0x000012dc       0x30 C:/Users/Emanuele/Documents/sloeber-workspace/ByPass/Release/arduino.ar(wiring_private.c.o)
 .debug_frame   0x0000130c       0xc4 C:/Users/Emanuele/Documents/sloeber-workspace/ByPass/Release/arduino.ar(PluggableUSB.cpp.o)
 .debug_frame   0x000013d0       0xc4 C:/Users/Emanuele/Documents/sloeber-workspace/ByPass/Release/arduino.ar(RingBuffer.cpp.o)
 .debug_frame   0x00001494       0x20 c:/program files/sloeber/arduinoplugin/packages/arduino/tools/arm-none-eabi-gcc/4.8.3-2014q1/bin/../lib/gcc/arm-none-eabi/4.8.3/armv6-m\libgcc.a(_udivsi3.o)
 .debug_frame   0x000014b4       0x2c c:/program files/sloeber/arduinoplugin/packages/arduino/tools/arm-none-eabi-gcc/4.8.3-2014q1/bin/../lib/gcc/arm-none-eabi/4.8.3/../../../../arm-none-eabi/lib/armv6-m\libc_s.a(lib_a-init.o)
 .debug_frame   0x000014e0       0x40 c:/program files/sloeber/arduinoplugin/packages/arduino/tools/arm-none-eabi-gcc/4.8.3-2014q1/bin/../lib/gcc/arm-none-eabi/4.8.3/../../../../arm-none-eabi/lib/armv6-m\libc_s.a(lib_a-malloc.o)
 .debug_frame   0x00001520       0x28 c:/program files/sloeber/arduinoplugin/packages/arduino/tools/arm-none-eabi-gcc/4.8.3-2014q1/bin/../lib/gcc/arm-none-eabi/4.8.3/../../../../arm-none-eabi/lib/armv6-m\libc_s.a(lib_a-memcpy-stub.o)
 .debug_frame   0x00001548       0x20 c:/program files/sloeber/arduinoplugin/packages/arduino/tools/arm-none-eabi-gcc/4.8.3-2014q1/bin/../lib/gcc/arm-none-eabi/4.8.3/../../../../arm-none-eabi/lib/armv6-m\libc_s.a(lib_a-memset.o)
 .debug_frame   0x00001568       0x2c c:/program files/sloeber/arduinoplugin/packages/arduino/tools/arm-none-eabi-gcc/4.8.3-2014q1/bin/../lib/gcc/arm-none-eabi/4.8.3/../../../../arm-none-eabi/lib/armv6-m\libc_s.a(lib_a-nano-mallocr.o)
 .debug_frame   0x00001594       0x2c c:/program files/sloeber/arduinoplugin/packages/arduino/tools/arm-none-eabi-gcc/4.8.3-2014q1/bin/../lib/gcc/arm-none-eabi/4.8.3/../../../../arm-none-eabi/lib/armv6-m\libc_s.a(lib_a-sbrkr.o)
 .debug_frame   0x000015c0       0x20 c:/program files/sloeber/arduinoplugin/packages/arduino/tools/arm-none-eabi-gcc/4.8.3-2014q1/bin/../lib/gcc/arm-none-eabi/4.8.3/../../../../arm-none-eabi/lib/armv6-m\libc_s.a(lib_a-strlen.o)
 .debug_frame   0x000015e0       0x48 c:/program files/sloeber/arduinoplugin/packages/arduino/tools/arm-none-eabi-gcc/4.8.3-2014q1/bin/../lib/gcc/arm-none-eabi/4.8.3/../../../../arm-none-eabi/lib/armv6-m\libc_s.a(lib_a-reent.o)
 .debug_frame   0x00001628       0x20 c:/program files/sloeber/arduinoplugin/packages/arduino/tools/arm-none-eabi-gcc/4.8.3-2014q1/bin/../lib/gcc/arm-none-eabi/4.8.3/../../../../arm-none-eabi/lib/armv6-m\libnosys.a(sbrk.o)

Cross Reference Table

Symbol                                            File
AC_Handler                                        C:/Users/Emanuele/Documents/sloeber-workspace/ByPass/Release/arduino.ar(cortex_handlers.c.o)
ADC_Handler                                       C:/Users/Emanuele/Documents/sloeber-workspace/ByPass/Release/arduino.ar(cortex_handlers.c.o)
CDC_GetInterface(unsigned char*)                  C:/Users/Emanuele/Documents/sloeber-workspace/ByPass/Release/arduino.ar(CDC.cpp.o)
                                                  C:/Users/Emanuele/Documents/sloeber-workspace/ByPass/Release/arduino.ar(USBCore.cpp.o)
CDC_Setup(USBSetup&)                              C:/Users/Emanuele/Documents/sloeber-workspace/ByPass/Release/arduino.ar(CDC.cpp.o)
                                                  C:/Users/Emanuele/Documents/sloeber-workspace/ByPass/Release/arduino.ar(USBCore.cpp.o)
DAC_Handler                                       C:/Users/Emanuele/Documents/sloeber-workspace/ByPass/Release/arduino.ar(cortex_handlers.c.o)
DMAC_Handler                                      C:/Users/Emanuele/Documents/sloeber-workspace/ByPass/Release/arduino.ar(cortex_handlers.c.o)
DoubleBufferedEPOutHandler::available() const     C:/Users/Emanuele/Documents/sloeber-workspace/ByPass/Release/arduino.ar(USBCore.cpp.o)
DoubleBufferedEPOutHandler::handleEndpoint()      C:/Users/Emanuele/Documents/sloeber-workspace/ByPass/Release/arduino.ar(USBCore.cpp.o)
DoubleBufferedEPOutHandler::recv(void*, unsigned long) C:/Users/Emanuele/Documents/sloeber-workspace/ByPass/Release/arduino.ar(USBCore.cpp.o)
DoubleBufferedEPOutHandler::release()             C:/Users/Emanuele/Documents/sloeber-workspace/ByPass/Release/arduino.ar(USBCore.cpp.o)
Dummy_Handler                                     C:/Users/Emanuele/Documents/sloeber-workspace/ByPass/Release/arduino.ar(cortex_handlers.c.o)
EIC_Handler                                       C:/Users/Emanuele/Documents/sloeber-workspace/ByPass/Release/arduino.ar(cortex_handlers.c.o)
EVSYS_Handler                                     C:/Users/Emanuele/Documents/sloeber-workspace/ByPass/Release/arduino.ar(cortex_handlers.c.o)
EndPoints                                         C:/Users/Emanuele/Documents/sloeber-workspace/ByPass/Release/arduino.ar(USBCore.cpp.o)
                                                  C:/Users/Emanuele/Documents/sloeber-workspace/ByPass/Release/arduino.ar(PluggableUSB.cpp.o)
HardFault_Handler                                 C:/Users/Emanuele/Documents/sloeber-workspace/ByPass/Release/arduino.ar(cortex_handlers.c.o)
I2S_Handler                                       C:/Users/Emanuele/Documents/sloeber-workspace/ByPass/Release/arduino.ar(cortex_handlers.c.o)
NMI_Handler                                       C:/Users/Emanuele/Documents/sloeber-workspace/ByPass/Release/arduino.ar(cortex_handlers.c.o)
NVMCTRL_Handler                                   C:/Users/Emanuele/Documents/sloeber-workspace/ByPass/Release/arduino.ar(cortex_handlers.c.o)
PM_Handler                                        C:/Users/Emanuele/Documents/sloeber-workspace/ByPass/Release/arduino.ar(cortex_handlers.c.o)
PTC_Handler                                       C:/Users/Emanuele/Documents/sloeber-workspace/ByPass/Release/arduino.ar(cortex_handlers.c.o)
PendSV_Handler                                    C:/Users/Emanuele/Documents/sloeber-workspace/ByPass/Release/arduino.ar(cortex_handlers.c.o)
PluggableUSB()                                    C:/Users/Emanuele/Documents/sloeber-workspace/ByPass/Release/arduino.ar(PluggableUSB.cpp.o)
                                                  C:/Users/Emanuele/Documents/sloeber-workspace/ByPass/Release/arduino.ar(USBCore.cpp.o)
PluggableUSB_::PluggableUSB_()                    C:/Users/Emanuele/Documents/sloeber-workspace/ByPass/Release/arduino.ar(PluggableUSB.cpp.o)
PluggableUSB_::PluggableUSB_()                    C:/Users/Emanuele/Documents/sloeber-workspace/ByPass/Release/arduino.ar(PluggableUSB.cpp.o)
PluggableUSB_::getDescriptor(USBSetup&)           C:/Users/Emanuele/Documents/sloeber-workspace/ByPass/Release/arduino.ar(PluggableUSB.cpp.o)
                                                  C:/Users/Emanuele/Documents/sloeber-workspace/ByPass/Release/arduino.ar(USBCore.cpp.o)
PluggableUSB_::getInterface(unsigned char*)       C:/Users/Emanuele/Documents/sloeber-workspace/ByPass/Release/arduino.ar(PluggableUSB.cpp.o)
                                                  C:/Users/Emanuele/Documents/sloeber-workspace/ByPass/Release/arduino.ar(USBCore.cpp.o)
PluggableUSB_::getShortName(char*)                C:/Users/Emanuele/Documents/sloeber-workspace/ByPass/Release/arduino.ar(PluggableUSB.cpp.o)
                                                  C:/Users/Emanuele/Documents/sloeber-workspace/ByPass/Release/arduino.ar(USBCore.cpp.o)
PluggableUSB_::plug(PluggableUSBModule*)          C:/Users/Emanuele/Documents/sloeber-workspace/ByPass/Release/arduino.ar(PluggableUSB.cpp.o)
PluggableUSB_::setup(USBSetup&)                   C:/Users/Emanuele/Documents/sloeber-workspace/ByPass/Release/arduino.ar(PluggableUSB.cpp.o)
                                                  C:/Users/Emanuele/Documents/sloeber-workspace/ByPass/Release/arduino.ar(USBCore.cpp.o)
Print::print(Printable const&)                    C:/Users/Emanuele/Documents/sloeber-workspace/ByPass/Release/arduino.ar(Print.cpp.o)
Print::print(String const&)                       C:/Users/Emanuele/Documents/sloeber-workspace/ByPass/Release/arduino.ar(Print.cpp.o)
Print::print(__FlashStringHelper const*)          C:/Users/Emanuele/Documents/sloeber-workspace/ByPass/Release/arduino.ar(Print.cpp.o)
Print::print(char const*)                         C:/Users/Emanuele/Documents/sloeber-workspace/ByPass/Release/arduino.ar(Print.cpp.o)
Print::print(char)                                C:/Users/Emanuele/Documents/sloeber-workspace/ByPass/Release/arduino.ar(Print.cpp.o)
                                                  .\sloeber.ino.cpp.o
Print::print(double, int)                         C:/Users/Emanuele/Documents/sloeber-workspace/ByPass/Release/arduino.ar(Print.cpp.o)
Print::print(int, int)                            C:/Users/Emanuele/Documents/sloeber-workspace/ByPass/Release/arduino.ar(Print.cpp.o)
Print::print(long, int)                           C:/Users/Emanuele/Documents/sloeber-workspace/ByPass/Release/arduino.ar(Print.cpp.o)
Print::print(unsigned char, int)                  C:/Users/Emanuele/Documents/sloeber-workspace/ByPass/Release/arduino.ar(Print.cpp.o)
Print::print(unsigned int, int)                   C:/Users/Emanuele/Documents/sloeber-workspace/ByPass/Release/arduino.ar(Print.cpp.o)
Print::print(unsigned long, int)                  C:/Users/Emanuele/Documents/sloeber-workspace/ByPass/Release/arduino.ar(Print.cpp.o)
Print::printFloat(double, unsigned char)          C:/Users/Emanuele/Documents/sloeber-workspace/ByPass/Release/arduino.ar(Print.cpp.o)
Print::printNumber(unsigned long, unsigned char)  C:/Users/Emanuele/Documents/sloeber-workspace/ByPass/Release/arduino.ar(Print.cpp.o)
Print::println()                                  C:/Users/Emanuele/Documents/sloeber-workspace/ByPass/Release/arduino.ar(Print.cpp.o)
Print::println(Printable const&)                  C:/Users/Emanuele/Documents/sloeber-workspace/ByPass/Release/arduino.ar(Print.cpp.o)
Print::println(String const&)                     C:/Users/Emanuele/Documents/sloeber-workspace/ByPass/Release/arduino.ar(Print.cpp.o)
Print::println(__FlashStringHelper const*)        C:/Users/Emanuele/Documents/sloeber-workspace/ByPass/Release/arduino.ar(Print.cpp.o)
Print::println(char const*)                       C:/Users/Emanuele/Documents/sloeber-workspace/ByPass/Release/arduino.ar(Print.cpp.o)
                                                  .\sloeber.ino.cpp.o
Print::println(char)                              C:/Users/Emanuele/Documents/sloeber-workspace/ByPass/Release/arduino.ar(Print.cpp.o)
Print::println(double, int)                       C:/Users/Emanuele/Documents/sloeber-workspace/ByPass/Release/arduino.ar(Print.cpp.o)
Print::println(int, int)                          C:/Users/Emanuele/Documents/sloeber-workspace/ByPass/Release/arduino.ar(Print.cpp.o)
Print::println(long, int)                         C:/Users/Emanuele/Documents/sloeber-workspace/ByPass/Release/arduino.ar(Print.cpp.o)
Print::println(unsigned char, int)                C:/Users/Emanuele/Documents/sloeber-workspace/ByPass/Release/arduino.ar(Print.cpp.o)
Print::println(unsigned int, int)                 C:/Users/Emanuele/Documents/sloeber-workspace/ByPass/Release/arduino.ar(Print.cpp.o)
Print::println(unsigned long, int)                C:/Users/Emanuele/Documents/sloeber-workspace/ByPass/Release/arduino.ar(Print.cpp.o)
Print::write(char const*)                         C:/Users/Emanuele/Documents/sloeber-workspace/ByPass/Release/arduino.ar(Print.cpp.o)
Print::write(unsigned char const*, unsigned int)  C:/Users/Emanuele/Documents/sloeber-workspace/ByPass/Release/arduino.ar(Print.cpp.o)
                                                  C:/Users/Emanuele/Documents/sloeber-workspace/ByPass/Release/arduino.ar(Uart.cpp.o)
RTC_Handler                                       C:/Users/Emanuele/Documents/sloeber-workspace/ByPass/Release/arduino.ar(cortex_handlers.c.o)
Reset_Handler                                     C:/Users/Emanuele/Documents/sloeber-workspace/ByPass/Release/arduino.ar(cortex_handlers.c.o)
RingBuffer::RingBuffer()                          C:/Users/Emanuele/Documents/sloeber-workspace/ByPass/Release/arduino.ar(RingBuffer.cpp.o)
                                                  C:/Users/Emanuele/Documents/sloeber-workspace/ByPass/Release/arduino.ar(Uart.cpp.o)
RingBuffer::RingBuffer()                          C:/Users/Emanuele/Documents/sloeber-workspace/ByPass/Release/arduino.ar(RingBuffer.cpp.o)
RingBuffer::available()                           C:/Users/Emanuele/Documents/sloeber-workspace/ByPass/Release/arduino.ar(RingBuffer.cpp.o)